Component: ARM Compiler 5.06 update 6 (build 750) Tool: armlink [4d35ed]

==============================================================================

Section Cross References

    startup_stm32f103xb.o(STACK) refers (Special) to heapauxi.o(.text) for __use_two_region_memory
    startup_stm32f103xb.o(HEAP) refers (Special) to heapauxi.o(.text) for __use_two_region_memory
    startup_stm32f103xb.o(RESET) refers (Special) to heapauxi.o(.text) for __use_two_region_memory
    startup_stm32f103xb.o(RESET) refers to startup_stm32f103xb.o(STACK) for __initial_sp
    startup_stm32f103xb.o(RESET) refers to startup_stm32f103xb.o(.text) for Reset_Handler
    startup_stm32f103xb.o(RESET) refers to stm32f1xx_it.o(i.NMI_Handler) for NMI_Handler
    startup_stm32f103xb.o(RESET) refers to stm32f1xx_it.o(i.HardFault_Handler) for HardFault_Handler
    startup_stm32f103xb.o(RESET) refers to stm32f1xx_it.o(i.MemManage_Handler) for MemManage_Handler
    startup_stm32f103xb.o(RESET) refers to stm32f1xx_it.o(i.BusFault_Handler) for BusFault_Handler
    startup_stm32f103xb.o(RESET) refers to stm32f1xx_it.o(i.UsageFault_Handler) for UsageFault_Handler
    startup_stm32f103xb.o(RESET) refers to stm32f1xx_it.o(i.SVC_Handler) for SVC_Handler
    startup_stm32f103xb.o(RESET) refers to stm32f1xx_it.o(i.DebugMon_Handler) for DebugMon_Handler
    startup_stm32f103xb.o(RESET) refers to stm32f1xx_it.o(i.PendSV_Handler) for PendSV_Handler
    startup_stm32f103xb.o(RESET) refers to stm32f1xx_it.o(i.SysTick_Handler) for SysTick_Handler
    startup_stm32f103xb.o(RESET) refers to stm32f1xx_it.o(i.TIM2_IRQHandler) for TIM2_IRQHandler
    startup_stm32f103xb.o(RESET) refers to stm32f1xx_it.o(i.USART1_IRQHandler) for USART1_IRQHandler
    startup_stm32f103xb.o(.text) refers (Special) to heapauxi.o(.text) for __use_two_region_memory
    startup_stm32f103xb.o(.text) refers to system_stm32f1xx.o(i.SystemInit) for SystemInit
    startup_stm32f103xb.o(.text) refers to __main.o(!!!main) for __main
    startup_stm32f103xb.o(.text) refers to startup_stm32f103xb.o(HEAP) for Heap_Mem
    startup_stm32f103xb.o(.text) refers to startup_stm32f103xb.o(STACK) for Stack_Mem
    lcd.o(i.Lcd_clear) refers to lcd.o(i.lcd_write_command) for lcd_write_command
    lcd.o(i.Lcd_create) refers to lcd.o(i.Lcd_init) for Lcd_init
    lcd.o(i.Lcd_create) refers to rt_memcpy_w.o(.text) for __aeabi_memcpy4
    lcd.o(i.Lcd_cursor) refers to lcd.o(i.lcd_write_command) for lcd_write_command
    lcd.o(i.Lcd_cursor) refers to lcd.o(.constdata) for .constdata
    lcd.o(i.Lcd_define_char) refers to lcd.o(i.lcd_write_command) for lcd_write_command
    lcd.o(i.Lcd_define_char) refers to lcd.o(i.lcd_write_data) for lcd_write_data
    lcd.o(i.Lcd_init) refers to lcd.o(i.lcd_write_command) for lcd_write_command
    lcd.o(i.Lcd_int) refers to _printf_percent.o(.ARM.Collect$$_printf_percent$$00000000) for _printf_percent
    lcd.o(i.Lcd_int) refers to _printf_d.o(.ARM.Collect$$_printf_percent$$00000009) for _printf_d
    lcd.o(i.Lcd_int) refers to _printf_dec.o(.text) for _printf_int_dec
    lcd.o(i.Lcd_int) refers to noretval__2sprintf.o(.text) for __2sprintf
    lcd.o(i.Lcd_int) refers to lcd.o(i.Lcd_string) for Lcd_string
    lcd.o(i.Lcd_string) refers to lcd.o(i.lcd_write_data) for lcd_write_data
    lcd.o(i.Lcd_string) refers to strlen.o(.text) for strlen
    lcd.o(i.lcd_write) refers to stm32f1xx_hal_gpio.o(i.HAL_GPIO_WritePin) for HAL_GPIO_WritePin
    lcd.o(i.lcd_write) refers to stm32f1xx_hal.o(i.HAL_Delay) for HAL_Delay
    lcd.o(i.lcd_write_command) refers to stm32f1xx_hal_gpio.o(i.HAL_GPIO_WritePin) for HAL_GPIO_WritePin
    lcd.o(i.lcd_write_command) refers to lcd.o(i.lcd_write) for lcd_write
    lcd.o(i.lcd_write_data) refers to stm32f1xx_hal_gpio.o(i.HAL_GPIO_WritePin) for HAL_GPIO_WritePin
    lcd.o(i.lcd_write_data) refers to lcd.o(i.lcd_write) for lcd_write
    main.o(i.DHT11_Read) refers to stm32f1xx_hal.o(i.HAL_GetTick) for HAL_GetTick
    main.o(i.DHT11_Read) refers to stm32f1xx_hal_gpio.o(i.HAL_GPIO_ReadPin) for HAL_GPIO_ReadPin
    main.o(i.DHT11_Read) refers to main.o(i.microDelay) for microDelay
    main.o(i.DHT11_Read) refers to main.o(.data) for .data
    main.o(i.DHT11_Start) refers to stm32f1xx_hal_gpio.o(i.HAL_GPIO_Init) for HAL_GPIO_Init
    main.o(i.DHT11_Start) refers to stm32f1xx_hal_gpio.o(i.HAL_GPIO_WritePin) for HAL_GPIO_WritePin
    main.o(i.DHT11_Start) refers to main.o(i.microDelay) for microDelay
    main.o(i.DHT11_Start) refers to stm32f1xx_hal_gpio.o(i.HAL_GPIO_ReadPin) for HAL_GPIO_ReadPin
    main.o(i.DHT11_Start) refers to stm32f1xx_hal.o(i.HAL_GetTick) for HAL_GetTick
    main.o(i.DHT11_Start) refers to main.o(.data) for .data
    main.o(i.HAL_TIM_PeriodElapsedCallback) refers to main.o(.data) for .data
    main.o(i.HAL_UART_RxCpltCallback) refers to main.o(i.processCommand) for processCommand
    main.o(i.HAL_UART_RxCpltCallback) refers to stm32f1xx_hal_uart.o(i.HAL_UART_Receive_IT) for HAL_UART_Receive_IT
[...]
    ../clib/signal.s                         0x00000000   Number         0  defsig.o ABSOLUTE
    ../clib/stdlib.c                         0x00000000   Number         0  exit.o ABSOLUTE
    ../clib/string.c                         0x00000000   Number         0  strncmp.o ABSOLUTE
    ../clib/string.c                         0x00000000   Number         0  strlen.o ABSOLUTE
    ../fplib/dretinf.s                       0x00000000   Number         0  dretinf.o ABSOLUTE
    ../fplib/f2d.s                           0x00000000   Number         0  f2d.o ABSOLUTE
    ../fplib/faddsub.s                       0x00000000   Number         0  faddsub_clz.o ABSOLUTE
    ../fplib/fdiv.s                          0x00000000   Number         0  fdiv.o ABSOLUTE
    ../fplib/ffix.s                          0x00000000   Number         0  ffix.o ABSOLUTE
    ../fplib/fflt.s                          0x00000000   Number         0  fflt_clz.o ABSOLUTE
    ../fplib/fmul.s                          0x00000000   Number         0  fmul.o ABSOLUTE
    ../fplib/fnaninf.s                       0x00000000   Number         0  fnaninf.o ABSOLUTE
    ../fplib/fpinit.s                        0x00000000   Number         0  fpinit.o ABSOLUTE
    ../fplib/fretinf.s                       0x00000000   Number         0  fretinf.o ABSOLUTE
    ../fplib/istatus.s                       0x00000000   Number         0  istatus.o ABSOLUTE
    ../fplib/printf1.s                       0x00000000   Number         0  printf1.o ABSOLUTE
    ../fplib/usenofp.s                       0x00000000   Number         0  usenofp.o ABSOLUTE
    ../mathlib/fpclassify.c                  0x00000000   Number         0  fpclassify.o ABSOLUTE
    ..\Core\Src\lcd.c                        0x00000000   Number         0  lcd.o ABSOLUTE
    ..\Core\Src\main.c                       0x00000000   Number         0  main.o ABSOLUTE
    ..\Core\Src\stm32f1xx_hal_msp.c          0x00000000   Number         0  stm32f1xx_hal_msp.o ABSOLUTE
    ..\Core\Src\stm32f1xx_it.c               0x00000000   Number         0  stm32f1xx_it.o ABSOLUTE
    ..\Core\Src\system_stm32f1xx.c           0x00000000   Number         0  system_stm32f1xx.o ABSOLUTE
    ..\Drivers\STM32F1xx_HAL_Driver\Src\stm32f1xx_hal.c 0x00000000   Number         0  stm32f1xx_hal.o ABSOLUTE
    ..\Drivers\STM32F1xx_HAL_Driver\Src\stm32f1xx_hal_cortex.c 0x00000000   Number         0  stm32f1xx_hal_cortex.o ABSOLUTE
    ..\Drivers\STM32F1xx_HAL_Driver\Src\stm32f1xx_hal_dma.c 0x00000000   Number         0  stm32f1xx_hal_dma.o ABSOLUTE
    ..\Drivers\STM32F1xx_HAL_Driver\Src\stm32f1xx_hal_exti.c 0x00000000   Number         0  stm32f1xx_hal_exti.o ABSOLUTE
    ..\Drivers\STM32F1xx_HAL_Driver\Src\stm32f1xx_hal_flash.c 0x00000000   Number         0  stm32f1xx_hal_flash.o ABSOLUTE
    ..\Drivers\STM32F1xx_HAL_Driver\Src\stm32f1xx_hal_flash_ex.c 0x00000000   Number         0  stm32f1xx_hal_flash_ex.o ABSOLUTE
    ..\Drivers\STM32F1xx_HAL_Driver\Src\stm32f1xx_hal_gpio.c 0x00000000   Number         0  stm32f1xx_hal_gpio.o ABSOLUTE
    ..\Drivers\STM32F1xx_HAL_Driver\Src\stm32f1xx_hal_gpio_ex.c 0x00000000   Number         0  stm32f1xx_hal_gpio_ex.o ABSOLUTE
    ..\Drivers\STM32F1xx_HAL_Driver\Src\stm32f1xx_hal_pwr.c 0x00000000   Number         0  stm32f1xx_hal_pwr.o ABSOLUTE
    ..\Drivers\STM32F1xx_HAL_Driver\Src\stm32f1xx_hal_rcc.c 0x00000000   Number         0  stm32f1xx_hal_rcc.o ABSOLUTE
    ..\Drivers\STM32F1xx_HAL_Driver\Src\stm32f1xx_hal_rcc_ex.c 0x00000000   Number         0  stm32f1xx_hal_rcc_ex.o ABSOLUTE
    ..\Drivers\STM32F1xx_HAL_Driver\Src\stm32f1xx_hal_tim.c 0x00000000   Number         0  stm32f1xx_hal_tim.o ABSOLUTE
    ..\Drivers\STM32F1xx_HAL_Driver\Src\stm32f1xx_hal_tim_ex.c 0x00000000   Number         0  stm32f1xx_hal_tim_ex.o ABSOLUTE
    ..\Drivers\STM32F1xx_HAL_Driver\Src\stm32f1xx_hal_uart.c 0x00000000   Number         0  stm32f1xx_hal_uart.o ABSOLUTE
    ..\\Core\\Src\\lcd.c                     0x00000000   Number         0  lcd.o ABSOLUTE
    dc.s                                     0x00000000   Number         0  dc.o ABSOLUTE
    startup_stm32f103xb.s                    0x00000000   Number         0  startup_stm32f103xb.o ABSOLUTE
    RESET                                    0x08000000   Section      236  startup_stm32f103xb.o(RESET)
    !!!main                                  0x080000ec   Section        8  __main.o(!!!main)
    !!!scatter                               0x080000f4   Section       52  __scatter.o(!!!scatter)
    !!handler_copy                           0x08000128   Section       26  __scatter_copy.o(!!handler_copy)
    !!handler_zi                             0x08000144   Section       28  __scatter_zi.o(!!handler_zi)
    .ARM.Collect$$_printf_percent$$00000000  0x08000160   Section        0  _printf_percent.o(.ARM.Collect$$_printf_percent$$00000000)
    .ARM.Collect$$_printf_percent$$00000003  0x08000160   Section        6  _printf_f.o(.ARM.Collect$$_printf_percent$$00000003)
    .ARM.Collect$$_printf_percent$$00000009  0x08000166   Section        6  _printf_d.o(.ARM.Collect$$_printf_percent$$00000009)
    .ARM.Collect$$_printf_percent$$00000017  0x0800016c   Section        4  _printf_percent_end.o(.ARM.Collect$$_printf_percent$$00000017)
    .ARM.Collect$$libinit$$00000000          0x08000170   Section        2  libinit.o(.ARM.Collect$$libinit$$00000000)
    .ARM.Collect$$libinit$$00000002          0x08000172   Section        0  libinit2.o(.ARM.Collect$$libinit$$00000002)
    .ARM.Collect$$libinit$$00000004          0x08000172   Section        0  libinit2.o(.ARM.Collect$$libinit$$00000004)
    .ARM.Collect$$libinit$$0000000A          0x08000172   Section        0  libinit2.o(.ARM.Collect$$libinit$$0000000A)
    .ARM.Collect$$libinit$$0000000C          0x08000172   Section        0  libinit2.o(.ARM.Collect$$libinit$$0000000C)
    .ARM.Collect$$libinit$$0000000E          0x08000172   Section        0  libinit2.o(.ARM.Collect$$libinit$$0000000E)
    .ARM.Collect$$libinit$$0000000F          0x08000172   Section        6  libinit2.o(.ARM.Collect$$libinit$$0000000F)
    .ARM.Collect$$libinit$$00000011          0x08000178   Section        0  libinit2.o(.ARM.Collect$$libinit$$00000011)
    .ARM.Collect$$libinit$$00000013          0x08000178   Section        0  libinit2.o(.ARM.Collect$$libinit$$00000013)
    .ARM.Collect$$libinit$$00000015          0x08000178   Section        0  libinit2.o(.ARM.Collect$$libinit$$00000015)
    .ARM.Collect$$libinit$$00000016          0x08000178   Section       10  libinit2.o(.ARM.Collect$$libinit$$00000016)
    .ARM.Collect$$libinit$$00000017          0x08000182   Section        0  libinit2.o(.ARM.Collect$$libinit$$00000017)
    .ARM.Collect$$libinit$$00000019          0x08000182   Section        0  libinit2.o(.ARM.Collect$$libinit$$00000019)
    .ARM.Collect$$libinit$$0000001B          0x08000182   Section        0  libinit2.o(.ARM.Collect$$libinit$$0000001B)
    .ARM.Collect$$libinit$$0000001D          0x08000182   Section        0  libinit2.o(.ARM.Collect$$libinit$$0000001D)
    .ARM.Collect$$libinit$$0000001F          0x08000182   Section        0  libinit2.o(.ARM.Collect$$libinit$$0000001F)
    .ARM.Collect$$libinit$$00000021          0x08000182   Section        0  libinit2.o(.ARM.Collect$$libinit$$00000021)
    .ARM.Collect$$libinit$$00000023          0x08000182   Section        0  libinit2.o(.ARM.Collect$$libinit$$00000023)
    .ARM.Collect$$libinit$$00000025          0x08000182   Section        0  libinit2.o(.ARM.Collect$$libinit$$00000025)
    .ARM.Collect$$libinit$$0000002C          0x08000182   Section        0  libinit2.o(.ARM.Collect$$libinit$$0000002C)
    .ARM.Collect$$libinit$$0000002E          0x08000182   Section        0  libinit2.o(.ARM.Collect$$libinit$$0000002E)
    .ARM.Collect$$libinit$$00000030          0x08000182   Section        0  libinit2.o(.ARM.Collect$$libinit$$00000030)
    .ARM.Collect$$libinit$$00000032          0x08000182   Section        0  libinit2.o(.ARM.Collect$$libinit$$00000032)
    .ARM.Collect$$libinit$$00000033          0x08000182   Section        2  libinit2.o(.ARM.Collect$$libinit$$00000033)
    .ARM.Collect$$libshutdown$$00000000      0x08000184   Section        2  libshutdown.o(.ARM.Collect$$libshutdown$$00000000)
    .ARM.Collect$$libshutdown$$00000002      0x08000186   Section        0  libshutdown2.o(.ARM.Collect$$libshutdown$$00000002)
    .ARM.Collect$$libshutdown$$00000004      0x08000186   Section        0  libshutdown2.o(.ARM.Collect$$libshutdown$$00000004)
    .ARM.Collect$$libshutdown$$00000007      0x08000186   Section        0  libshutdown2.o(.ARM.Collect$$libshutdown$$00000007)
    .ARM.Collect$$libshutdown$$0000000A      0x08000186   Section        0  libshutdown2.o(.ARM.Collect$$libshutdown$$0000000A)
    .ARM.Collect$$libshutdown$$0000000C      0x08000186   Section        0  libshutdown2.o(.ARM.Collect$$libshutdown$$0000000C)
    .ARM.Collect$$libshutdown$$0000000F      0x08000186   Section        0  libshutdown2.o(.ARM.Collect$$libshutdown$$0000000F)
    .ARM.Collect$$libshutdown$$00000010      0x08000186   Section        2  libshutdown2.o(.ARM.Collect$$libshutdown$$00000010)
    .ARM.Collect$$rtentry$$00000000          0x08000188   Section        0  __rtentry.o(.ARM.Collect$$rtentry$$00000000)
    .ARM.Collect$$rtentry$$00000002          0x08000188   Section        0  __rtentry2.o(.ARM.Collect$$rtentry$$00000002)
    .ARM.Collect$$rtentry$$00000004          0x08000188   Section        6  __rtentry4.o(.ARM.Collect$$rtentry$$00000004)
    .ARM.Collect$$rtentry$$00000009          0x0800018e   Section        0  __rtentry2.o(.ARM.Collect$$rtentry$$00000009)
    .ARM.Collect$$rtentry$$0000000A          0x0800018e   Section        4  __rtentry2.o(.ARM.Collect$$rtentry$$0000000A)
    .ARM.Collect$$rtentry$$0000000C          0x08000192   Section        0  __rtentry2.o(.ARM.Collect$$rtentry$$0000000C)
    .ARM.Collect$$rtentry$$0000000D          0x08000192   Section        8  __rtentry2.o(.ARM.Collect$$rtentry$$0000000D)
    .ARM.Collect$$rtexit$$00000000           0x0800019a   Section        2  rtexit.o(.ARM.Collect$$rtexit$$00000000)
    .ARM.Collect$$rtexit$$00000002           0x0800019c   Section        0  rtexit2.o(.ARM.Collect$$rtexit$$00000002)
    .ARM.Collect$$rtexit$$00000003           0x0800019c   Section        4  rtexit2.o(.ARM.Collect$$rtexit$$00000003)
    .ARM.Collect$$rtexit$$00000004           0x080001a0   Section        6  rtexit2.o(.ARM.Collect$$rtexit$$00000004)
    .text                                    0x080001a8   Section       64  startup_stm32f103xb.o(.text)
    .text                                    0x080001e8   Section        0  noretval__2sprintf.o(.text)
    .text                                    0x08000210   Section        0  _printf_dec.o(.text)
    .text                                    0x08000288   Section        0  __printf_wp.o(.text)
    .text                                    0x08000396   Section        0  strlen.o(.text)
    .text                                    0x080003d4   Section        0  strncmp.o(.text)
    .text                                    0x0800046a   Section      100  rt_memcpy_w.o(.text)
    .text                                    0x080004ce   Section       78  rt_memclr_w.o(.text)
    .text                                    0x0800051c   Section      128  strcmpv7m.o(.text)
    .text                                    0x0800059c   Section        0  heapauxi.o(.text)
    .text                                    0x080005a2   Section        0  _printf_intcommon.o(.text)
    .text                                    0x08000654   Section        0  _printf_fp_dec.o(.text)
    _fp_digits                               0x08000657   Thumb Code   432  _printf_fp_dec.o(.text)
    .text                                    0x08000a74   Section        0  _printf_char_common.o(.text)
    _printf_input_char                       0x08000a75   Thumb Code    10  _printf_char_common.o(.text)
    .text                                    0x08000aa4   Section        0  _sputc.o(.text)
    .text                                    0x08000ab0   Section        8  rt_locale_intlibspace.o(.text)
    .text                                    0x08000ab8   Section      138  lludiv10.o(.text)
    .text                                    0x08000b44   Section        0  _printf_fp_infnan.o(.text)
    .text                                    0x08000bc4   Section        0  bigflt0.o(.text)
    .text                                    0x08000ca8   Section        8  libspace.o(.text)
    .text                                    0x08000cb0   Section       74  sys_stackheap_outer.o(.text)
    .text                                    0x08000cfa   Section        0  exit.o(.text)
    .text                                    0x08000d0c   Section        0  sys_exit.o(.text)
    .text                                    0x08000d18   Section        2  use_no_semi.o(.text)
    .text                                    0x08000d1a   Section        0  indicate_semi.o(.text)
    CL$$btod_d2e                             0x08000d1a   Section       62  btod.o(CL$$btod_d2e)
    CL$$btod_d2e_denorm_low                  0x08000d58   Section       70  btod.o(CL$$btod_d2e_denorm_low)
    CL$$btod_d2e_norm_op1                    0x08000d9e   Section       96  btod.o(CL$$btod_d2e_norm_op1)
    CL$$btod_div_common                      0x08000dfe   Section      824  btod.o(CL$$btod_div_common)
    CL$$btod_e2e                             0x08001136   Section      220  btod.o(CL$$btod_e2e)
    CL$$btod_ediv                            0x08001212   Section       42  btod.o(CL$$btod_ediv)
    CL$$btod_emul                            0x0800123c   Section       42  btod.o(CL$$btod_emul)
    CL$$btod_mult_common                     0x08001266   Section      580  btod.o(CL$$btod_mult_common)
    i.BusFault_Handler                       0x080014aa   Section        0  stm32f1xx_it.o(i.BusFault_Handler)
    i.DHT11_Read                             0x080014ac   Section        0  main.o(i.DHT11_Read)
    i.DHT11_Start                            0x08001548   Section        0  main.o(i.DHT11_Start)
    i.DebugMon_Handler                       0x080015f0   Section        0  stm32f1xx_it.o(i.DebugMon_Handler)
    i.HAL_DMA_Abort                          0x080015f2   Section        0  stm32f1xx_hal_dma.o(i.HAL_DMA_Abort)
    i.HAL_DMA_Abort_IT                       0x08001638   Section        0  stm32f1xx_hal_dma.o(i.HAL_DMA_Abort_IT)
    i.HAL_Delay                              0x080016d0   Section        0  stm32f1xx_hal.o(i.HAL_Delay)
    i.HAL_GPIO_Init                          0x080016f4   Section        0  stm32f1xx_hal_gpio.o(i.HAL_GPIO_Init)
    i.HAL_GPIO_ReadPin                       0x080018d4   Section        0  stm32f1xx_hal_gpio.o(i.HAL_GPIO_ReadPin)
    i.HAL_GPIO_WritePin                      0x080018de   Section        0  stm32f1xx_hal_gpio.o(i.HAL_GPIO_WritePin)
    i.HAL_GetTick                            0x080018e8   Section        0  stm32f1xx_hal.o(i.HAL_GetTick)
    i.HAL_IncTick                            0x080018f4   Section        0  stm32f1xx_hal.o(i.HAL_IncTick)
    i.HAL_Init                               0x08001904   Section        0  stm32f1xx_hal.o(i.HAL_Init)
    i.HAL_InitTick                           0x08001928   Section        0  stm32f1xx_hal.o(i.HAL_InitTick)
    i.HAL_MspInit                            0x08001968   Section        0  stm32f1xx_hal_msp.o(i.HAL_MspInit)
    i.HAL_NVIC_EnableIRQ                     0x080019a4   Section        0  stm32f1xx_hal_cortex.o(i.HAL_NVIC_EnableIRQ)
    i.HAL_NVIC_SetPriority                   0x080019c0   Section        0  stm32f1xx_hal_cortex.o(i.HAL_NVIC_SetPriority)
    i.HAL_NVIC_SetPriorityGrouping           0x08001a00   Section        0  stm32f1xx_hal_cortex.o(i.HAL_NVIC_SetPriorityGrouping)
    i.HAL_RCC_ClockConfig                    0x08001a24   Section        0  stm32f1xx_hal_rcc.o(i.HAL_RCC_ClockConfig)
    i.HAL_RCC_GetPCLK1Freq                   0x08001b50   Section        0  stm32f1xx_hal_rcc.o(i.HAL_RCC_GetPCLK1Freq)
    i.HAL_RCC_GetPCLK2Freq                   0x08001b70   Section        0  stm32f1xx_hal_rcc.o(i.HAL_RCC_GetPCLK2Freq)
    i.HAL_RCC_GetSysClockFreq                0x08001b90   Section        0  stm32f1xx_hal_rcc.o(i.HAL_RCC_GetSysClockFreq)
    i.HAL_RCC_OscConfig                      0x08001bdc   Section        0  stm32f1xx_hal_rcc.o(i.HAL_RCC_OscConfig)
    i.HAL_SYSTICK_Config                     0x08001efc   Section        0  stm32f1xx_hal_cortex.o(i.HAL_SYSTICK_Config)
    i.HAL_TIMEx_BreakCallback                0x08001f24   Section        0  stm32f1xx_hal_tim_ex.o(i.HAL_TIMEx_BreakCallback)
    i.HAL_TIMEx_CommutCallback               0x08001f26   Section        0  stm32f1xx_hal_tim_ex.o(i.HAL_TIMEx_CommutCallback)
    i.HAL_TIMEx_MasterConfigSynchronization  0x08001f28   Section        0  stm32f1xx_hal_tim_ex.o(i.HAL_TIMEx_MasterConfigSynchronization)
    i.HAL_TIM_Base_Init                      0x08001f90   Section        0  stm32f1xx_hal_tim.o(i.HAL_TIM_Base_Init)
    i.HAL_TIM_Base_MspInit                   0x08001fec   Section        0  stm32f1xx_hal_msp.o(i.HAL_TIM_Base_MspInit)
    i.HAL_TIM_Base_Start                     0x0800203c   Section        0  stm32f1xx_hal_tim.o(i.HAL_TIM_Base_Start)
    i.HAL_TIM_Base_Start_IT                  0x0800208c   Section        0  stm32f1xx_hal_tim.o(i.HAL_TIM_Base_Start_IT)
    i.HAL_TIM_ConfigClockSource              0x080020e4   Section        0  stm32f1xx_hal_tim.o(i.HAL_TIM_ConfigClockSource)
    i.HAL_TIM_IC_CaptureCallback             0x080021c0   Section        0  stm32f1xx_hal_tim.o(i.HAL_TIM_IC_CaptureCallback)
    i.HAL_TIM_IRQHandler                     0x080021c2   Section        0  stm32f1xx_hal_tim.o(i.HAL_TIM_IRQHandler)
    i.HAL_TIM_OC_DelayElapsedCallback        0x080022f2   Section        0  stm32f1xx_hal_tim.o(i.HAL_TIM_OC_DelayElapsedCallback)
    i.HAL_TIM_PWM_PulseFinishedCallback      0x080022f4   Section        0  stm32f1xx_hal_tim.o(i.HAL_TIM_PWM_PulseFinishedCallback)
    i.HAL_TIM_PeriodElapsedCallback          0x080022f8   Section        0  main.o(i.HAL_TIM_PeriodElapsedCallback)
    i.HAL_TIM_TriggerCallback                0x08002310   Section        0  stm32f1xx_hal_tim.o(i.HAL_TIM_TriggerCallback)
    i.HAL_UARTEx_RxEventCallback             0x08002312   Section        0  stm32f1xx_hal_uart.o(i.HAL_UARTEx_RxEventCallback)
    i.HAL_UART_ErrorCallback                 0x08002314   Section        0  stm32f1xx_hal_uart.o(i.HAL_UART_ErrorCallback)
    i.HAL_UART_IRQHandler                    0x08002318   Section        0  stm32f1xx_hal_uart.o(i.HAL_UART_IRQHandler)
    i.HAL_UART_Init                          0x08002584   Section        0  stm32f1xx_hal_uart.o(i.HAL_UART_Init)
    i.HAL_UART_MspInit                       0x080025e8   Section        0  stm32f1xx_hal_msp.o(i.HAL_UART_MspInit)
    i.HAL_UART_Receive_IT                    0x08002668   Section        0  stm32f1xx_hal_uart.o(i.HAL_UART_Receive_IT)
    i.HAL_UART_RxCpltCallback                0x08002684   Section        0  main.o(i.HAL_UART_RxCpltCallback)
    i.HAL_UART_Transmit                      0x080026d8   Section        0  stm32f1xx_hal_uart.o(i.HAL_UART_Transmit)
    i.HAL_UART_TxCpltCallback                0x08002778   Section        0  stm32f1xx_hal_uart.o(i.HAL_UART_TxCpltCallback)
    i.HardFault_Handler                      0x0800277a   Section        0  stm32f1xx_it.o(i.HardFault_Handler)
    i.Lcd_create                             0x0800277c   Section        0  lcd.o(i.Lcd_create)
    i.Lcd_cursor                             0x080027b0   Section        0  lcd.o(i.Lcd_cursor)
    i.Lcd_init                               0x080027c4   Section        0  lcd.o(i.Lcd_init)
    i.Lcd_string                             0x08002804   Section        0  lcd.o(i.Lcd_string)
    i.MX_GPIO_Init                           0x08002828   Section        0  main.o(i.MX_GPIO_Init)
    MX_GPIO_Init                             0x08002829   Thumb Code   164  main.o(i.MX_GPIO_Init)
    i.MX_TIM2_Init                           0x080028d8   Section        0  main.o(i.MX_TIM2_Init)
    MX_TIM2_Init                             0x080028d9   Thumb Code    96  main.o(i.MX_TIM2_Init)
    i.MX_TIM4_Init                           0x0800293c   Section        0  main.o(i.MX_TIM4_Init)
    MX_TIM4_Init                             0x0800293d   Thumb Code    94  main.o(i.MX_TIM4_Init)
    i.MX_USART1_UART_Init                    0x080029a4   Section        0  main.o(i.MX_USART1_UART_Init)
    MX_USART1_UART_Init                      0x080029a5   Thumb Code    54  main.o(i.MX_USART1_UART_Init)
    i.MemManage_Handler                      0x080029e8   Section        0  stm32f1xx_it.o(i.MemManage_Handler)
    i.NMI_Handler                            0x080029ea   Section        0  stm32f1xx_it.o(i.NMI_Handler)
    i.PendSV_Handler                         0x080029ec   Section        0  stm32f1xx_it.o(i.PendSV_Handler)
    i.SVC_Handler                            0x080029ee   Section        0  stm32f1xx_it.o(i.SVC_Handler)
    i.SysTick_Handler                        0x080029f0   Section        0  stm32f1xx_it.o(i.SysTick_Handler)
    i.SystemClock_Config                     0x080029f4   Section        0  main.o(i.SystemClock_Config)
    i.SystemInit                             0x08002a52   Section        0  system_stm32f1xx.o(i.SystemInit)
    i.TIM2_IRQHandler                        0x08002a54   Section        0  stm32f1xx_it.o(i.TIM2_IRQHandler)
    i.TIM_Base_SetConfig                     0x08002a60   Section        0  stm32f1xx_hal_tim.o(i.TIM_Base_SetConfig)
    i.TIM_ETR_SetConfig                      0x08002ad8   Section        0  stm32f1xx_hal_tim.o(i.TIM_ETR_SetConfig)
    i.TIM_ITRx_SetConfig                     0x08002aec   Section        0  stm32f1xx_hal_tim.o(i.TIM_ITRx_SetConfig)
    TIM_ITRx_SetConfig                       0x08002aed   Thumb Code    16  stm32f1xx_hal_tim.o(i.TIM_ITRx_SetConfig)
    i.TIM_TI1_ConfigInputStage               0x08002afc   Section        0  stm32f1xx_hal_tim.o(i.TIM_TI1_ConfigInputStage)
    TIM_TI1_ConfigInputStage                 0x08002afd   Thumb Code    34  stm32f1xx_hal_tim.o(i.TIM_TI1_ConfigInputStage)
    i.TIM_TI2_ConfigInputStage               0x08002b1e   Section        0  stm32f1xx_hal_tim.o(i.TIM_TI2_ConfigInputStage)
    TIM_TI2_ConfigInputStage                 0x08002b1f   Thumb Code    36  stm32f1xx_hal_tim.o(i.TIM_TI2_ConfigInputStage)
    i.UART_DMAAbortOnError                   0x08002b42   Section        0  stm32f1xx_hal_uart.o(i.UART_DMAAbortOnError)
    UART_DMAAbortOnError                     0x08002b43   Thumb Code    16  stm32f1xx_hal_uart.o(i.UART_DMAAbortOnError)
    i.UART_EndRxTransfer                     0x08002b52   Section        0  stm32f1xx_hal_uart.o(i.UART_EndRxTransfer)
    UART_EndRxTransfer                       0x08002b53   Thumb Code    78  stm32f1xx_hal_uart.o(i.UART_EndRxTransfer)
    i.UART_Receive_IT                        0x08002ba0   Section        0  stm32f1xx_hal_uart.o(i.UART_Receive_IT)
    UART_Receive_IT                          0x08002ba1   Thumb Code   194  stm32f1xx_hal_uart.o(i.UART_Receive_IT)
    i.UART_SetConfig                         0x08002c64   Section        0  stm32f1xx_hal_uart.o(i.UART_SetConfig)
    UART_SetConfig                           0x08002c65   Thumb Code   178  stm32f1xx_hal_uart.o(i.UART_SetConfig)
    i.UART_Start_Receive_IT                  0x08002d1c   Section        0  stm32f1xx_hal_uart.o(i.UART_Start_Receive_IT)
    i.UART_WaitOnFlagUntilTimeout            0x08002d52   Section        0  stm32f1xx_hal_uart.o(i.UART_WaitOnFlagUntilTimeout)
    UART_WaitOnFlagUntilTimeout              0x08002d53   Thumb Code   114  stm32f1xx_hal_uart.o(i.UART_WaitOnFlagUntilTimeout)
    i.USART1_IRQHandler                      0x08002dc4   Section        0  stm32f1xx_it.o(i.USART1_IRQHandler)
    i.UsageFault_Handler                     0x08002dd0   Section        0  stm32f1xx_it.o(i.UsageFault_Handler)
    i.__ARM_fpclassify                       0x08002dd2   Section        0  fpclassify.o(i.__ARM_fpclassify)
    i.__NVIC_SetPriority                     0x08002dfa   Section        0  stm32f1xx_hal_cortex.o(i.__NVIC_SetPriority)
    __NVIC_SetPriority                       0x08002dfb   Thumb Code    32  stm32f1xx_hal_cortex.o(i.__NVIC_SetPriority)
    i._is_digit                              0x08002e1a   Section        0  __printf_wp.o(i._is_digit)
    i.displayDigit                           0x08002e28   Section        0  main.o(i.displayDigit)
    i.displayTemperatureOnLCD                0x08002e88   Section        0  main.o(i.displayTemperatureOnLCD)
    i.displayTemperatureOnLED                0x08002f0c   Section        0  main.o(i.displayTemperatureOnLED)
    i.lcd_write                              0x08002f90   Section        0  lcd.o(i.lcd_write)
    lcd_write                                0x08002f91   Thumb Code    76  lcd.o(i.lcd_write)
    i.lcd_write_command                      0x08002fdc   Section        0  lcd.o(i.lcd_write_command)
    lcd_write_command                        0x08002fdd   Thumb Code    52  lcd.o(i.lcd_write_command)
    i.lcd_write_data                         0x08003010   Section        0  lcd.o(i.lcd_write_data)
    lcd_write_data                           0x08003011   Thumb Code    52  lcd.o(i.lcd_write_data)
    i.main                                   0x08003044   Section        0  main.o(i.main)
    i.microDelay                             0x08003268   Section        0  main.o(i.microDelay)
    i.processCommand                         0x08003280   Section        0  main.o(i.processCommand)
    i.sendDataViaUART                        0x080034b4   Section        0  main.o(i.sendDataViaUART)
    locale$$code                             0x0800356c   Section       44  lc_numeric_c.o(locale$$code)
    x$fpl$dretinf                            0x08003598   Section       12  dretinf.o(x$fpl$dretinf)
    x$fpl$f2d                                0x080035a4   Section       86  f2d.o(x$fpl$f2d)
    x$fpl$fadd                               0x080035fc   Section      196  faddsub_clz.o(x$fpl$fadd)
    _fadd1                                   0x0800360b   Thumb Code     0  faddsub_clz.o(x$fpl$fadd)
    x$fpl$fdiv                               0x080036c0   Section      388  fdiv.o(x$fpl$fdiv)
    _fdiv1                                   0x080036c1   Thumb Code     0  fdiv.o(x$fpl$fdiv)
    x$fpl$ffix                               0x08003844   Section       54  ffix.o(x$fpl$ffix)
    x$fpl$fflt                               0x0800387c   Section       48  fflt_clz.o(x$fpl$fflt)
    x$fpl$ffltu                              0x080038ac   Section       38  fflt_clz.o(x$fpl$ffltu)
    x$fpl$fmul                               0x080038d4   Section      258  fmul.o(x$fpl$fmul)
    x$fpl$fnaninf                            0x080039d6   Section      140  fnaninf.o(x$fpl$fnaninf)
    x$fpl$fretinf                            0x08003a62   Section       10  fretinf.o(x$fpl$fretinf)
    x$fpl$frsb                               0x08003a6c   Section       20  faddsub_clz.o(x$fpl$frsb)
    x$fpl$fsub                               0x08003a80   Section      234  faddsub_clz.o(x$fpl$fsub)
    _fsub1                                   0x08003a8f   Thumb Code     0  faddsub_clz.o(x$fpl$fsub)
    x$fpl$printf1                            0x08003b6a   Section        4  printf1.o(x$fpl$printf1)
    .constdata                               0x08003b6e   Section        4  lcd.o(.constdata)
    x$fpl$usenofp                            0x08003b6e   Section        0  usenofp.o(x$fpl$usenofp)
    .constdata                               0x08003b74   Section       24  main.o(.constdata)
    .constdata                               0x08003b8c   Section       18  stm32f1xx_hal_rcc.o(.constdata)
    aPredivFactorTable                       0x08003b8c   Data           2  stm32f1xx_hal_rcc.o(.constdata)
    aPLLMULFactorTable                       0x08003b8e   Data          16  stm32f1xx_hal_rcc.o(.constdata)
    .constdata                               0x08003b9e   Section       16  system_stm32f1xx.o(.constdata)
    .constdata                               0x08003bae   Section        8  system_stm32f1xx.o(.constdata)
    .constdata                               0x08003bb8   Section      148  bigflt0.o(.constdata)
    tenpwrs_x                                0x08003bb8   Data          60  bigflt0.o(.constdata)
    tenpwrs_i                                0x08003bf4   Data          64  bigflt0.o(.constdata)
    locale$$data                             0x08003c6c   Section       28  lc_numeric_c.o(locale$$data)
    __lcnum_c_name                           0x08003c70   Data           2  lc_numeric_c.o(locale$$data)
    __lcnum_c_start                          0x08003c78   Data           0  lc_numeric_c.o(locale$$data)
    __lcnum_c_point                          0x08003c84   Data           0  lc_numeric_c.o(locale$$data)
    __lcnum_c_thousands                      0x08003c86   Data           0  lc_numeric_c.o(locale$$data)
    __lcnum_c_grouping                       0x08003c87   Data           0  lc_numeric_c.o(locale$$data)
    __lcnum_c_end                            0x08003c88   Data           0  lc_numeric_c.o(locale$$data)
    .data                                    0x20000000   Section       50  main.o(.data)
    currentPosition                          0x20000003   Data           1  main.o(.data)
    .data                                    0x20000034   Section       12  stm32f1xx_hal.o(.data)
    .data                                    0x20000040   Section        4  system_stm32f1xx.o(.data)
    .bss                                     0x20000044   Section      316  main.o(.bss)
    .bss                                     0x20000180   Section       96  libspace.o(.bss)
    HEAP                                     0x200001e0   Section      512  startup_stm32f103xb.o(HEAP)
    Heap_Mem                                 0x200001e0   Data         512  startup_stm32f103xb.o(HEAP)
    STACK                                    0x200003e0   Section     1024  startup_stm32f103xb.o(STACK)
    Stack_Mem                                0x200003e0   Data        1024  startup_stm32f103xb.o(STACK)
    __initial_sp                             0x200007e0   Data           0  startup_stm32f103xb.o(STACK)

    Global Symbols

    Symbol Name                              Value     Ov Type        Size  Object(Section)

    BuildAttributes$$THM_ISAv4$P$D$K$B$S$PE$A:L22UL41UL21$X:L11$S22US41US21$IEEE1$IW$USESV6$~STKCKD$USESV7$~SHL$OTIME$ROPI$IEEEJ$EBA8$UX$STANDARDLIB$REQ8$PRES8$EABIv2 0x00000000   Number         0  anon$$obj.o ABSOLUTE
    __ARM_use_no_argv                        0x00000000   Number         0  main.o ABSOLUTE
    _printf_flags                            0x00000000   Number         0  printf_stubs.o ABSOLUTE
    _printf_return_value                     0x00000000   Number         0  printf_stubs.o ABSOLUTE
    _printf_sizespec                         0x00000000   Number         0  printf_stubs.o ABSOLUTE
    _printf_widthprec                        0x00000000   Number         0  printf_stubs.o ABSOLUTE
    __ARM_exceptions_init                     - Undefined Weak Reference
    __alloca_initialize                       - Undefined Weak Reference
    __arm_preinit_                            - Undefined Weak Reference
    __cpp_initialize__aeabi_                  - Undefined Weak Reference
    __cxa_finalize                            - Undefined Weak Reference
    __sigvec_lookup                           - Undefined Weak Reference
    _atexit_init                              - Undefined Weak Reference
    _call_atexit_fns                          - Undefined Weak Reference
    _clock_init                               - Undefined Weak Reference
    _fp_trap_init                             - Undefined Weak Reference
    _fp_trap_shutdown                         - Undefined Weak Reference
    _get_lc_collate                           - Undefined Weak Reference
    _get_lc_ctype                             - Undefined Weak Reference
    _get_lc_monetary                          - Undefined Weak Reference
    _get_lc_time                              - Undefined Weak Reference
    _getenv_init                              - Undefined Weak Reference
    _handle_redirection                       - Undefined Weak Reference
    _init_alloc                               - Undefined Weak Reference
    _init_user_alloc                          - Undefined Weak Reference
    _initio                                   - Undefined Weak Reference
    _printf_post_padding                      - Undefined Weak Reference
    _printf_pre_padding                       - Undefined Weak Reference
    _printf_truncate_signed                   - Undefined Weak Reference
    _printf_truncate_unsigned                 - Undefined Weak Reference
    _rand_init                                - Undefined Weak Reference
    _signal_finish                            - Undefined Weak Reference
    _signal_init                              - Undefined Weak Reference
    _terminate_alloc                          - Undefined Weak Reference
    _terminate_user_alloc                     - Undefined Weak Reference
    _terminateio                              - Undefined Weak Reference
    __Vectors_Size                           0x000000ec   Number         0  startup_stm32f103xb.o ABSOLUTE
    __Vectors                                0x08000000   Data           4  startup_stm32f103xb.o(RESET)
    __Vectors_End                            0x080000ec   Data           0  startup_stm32f103xb.o(RESET)
    __main                                   0x080000ed   Thumb Code     8  __main.o(!!!main)
    __scatterload                            0x080000f5   Thumb Code     0  __scatter.o(!!!scatter)
    __scatterload_rt2                        0x080000f5   Thumb Code    44  __scatter.o(!!!scatter)
    __scatterload_rt2_thumb_only             0x080000f5   Thumb Code     0  __scatter.o(!!!scatter)
    __scatterload_null                       0x08000103   Thumb Code     0  __scatter.o(!!!scatter)
    __scatterload_copy                       0x08000129   Thumb Code    26  __scatter_copy.o(!!handler_copy)
    __scatterload_zeroinit                   0x08000145   Thumb Code    28  __scatter_zi.o(!!handler_zi)
    _printf_f                                0x08000161   Thumb Code     0  _printf_f.o(.ARM.Collect$$_printf_percent$$00000003)
    _printf_percent                          0x08000161   Thumb Code     0  _printf_percent.o(.ARM.Collect$$_printf_percent$$00000000)
    _printf_d                                0x08000167   Thumb Code     0  _printf_d.o(.ARM.Collect$$_printf_percent$$00000009)
    _printf_percent_end                      0x0800016d   Thumb Code     0  _printf_percent_end.o(.ARM.Collect$$_printf_percent$$00000017)
    __rt_lib_init                            0x08000171   Thumb Code     0  libinit.o(.ARM.Collect$$libinit$$00000000)
    __rt_lib_init_fp_1                       0x08000173   Thumb Code     0  libinit2.o(.ARM.Collect$$libinit$$00000002)
    __rt_lib_init_heap_1                     0x08000173   Thumb Code     0  libinit2.o(.ARM.Collect$$libinit$$0000000A)
    __rt_lib_init_lc_common                  0x08000173   Thumb Code     0  libinit2.o(.ARM.Collect$$libinit$$0000000F)
    __rt_lib_init_preinit_1                  0x08000173   Thumb Code     0  libinit2.o(.ARM.Collect$$libinit$$00000004)
    __rt_lib_init_rand_1                     0x08000173   Thumb Code     0  libinit2.o(.ARM.Collect$$libinit$$0000000E)
    __rt_lib_init_user_alloc_1               0x08000173   Thumb Code     0  libinit2.o(.ARM.Collect$$libinit$$0000000C)
    __rt_lib_init_lc_collate_1               0x08000179   Thumb Code     0  libinit2.o(.ARM.Collect$$libinit$$00000011)
    __rt_lib_init_lc_ctype_1                 0x08000179   Thumb Code     0  libinit2.o(.ARM.Collect$$libinit$$00000013)
    __rt_lib_init_lc_monetary_1              0x08000179   Thumb Code     0  libinit2.o(.ARM.Collect$$libinit$$00000015)
    __rt_lib_init_lc_numeric_2               0x08000179   Thumb Code     0  libinit2.o(.ARM.Collect$$libinit$$00000016)
    __rt_lib_init_alloca_1                   0x08000183   Thumb Code     0  libinit2.o(.ARM.Collect$$libinit$$0000002E)
    __rt_lib_init_argv_1                     0x08000183   Thumb Code     0  libinit2.o(.ARM.Collect$$libinit$$0000002C)
    __rt_lib_init_atexit_1                   0x08000183   Thumb Code     0  libinit2.o(.ARM.Collect$$libinit$$0000001B)
    __rt_lib_init_clock_1                    0x08000183   Thumb Code     0  libinit2.o(.ARM.Collect$$libinit$$00000021)
    __rt_lib_init_cpp_1                      0x08000183   Thumb Code     0  libinit2.o(.ARM.Collect$$libinit$$00000032)
    __rt_lib_init_exceptions_1               0x08000183   Thumb Code     0  libinit2.o(.ARM.Collect$$libinit$$00000030)
    __rt_lib_init_fp_trap_1                  0x08000183   Thumb Code     0  libinit2.o(.ARM.Collect$$libinit$$0000001F)
    __rt_lib_init_getenv_1                   0x08000183   Thumb Code     0  libinit2.o(.ARM.Collect$$libinit$$00000023)
    __rt_lib_init_lc_numeric_1               0x08000183   Thumb Code     0  libinit2.o(.ARM.Collect$$libinit$$00000017)
    __rt_lib_init_lc_time_1                  0x08000183   Thumb Code     0  libinit2.o(.ARM.Collect$$libinit$$00000019)
    __rt_lib_init_return                     0x08000183   Thumb Code     0  libinit2.o(.ARM.Collect$$libinit$$00000033)
    __rt_lib_init_signal_1                   0x08000183   Thumb Code     0  libinit2.o(.ARM.Collect$$libinit$$0000001D)
    __rt_lib_init_stdio_1                    0x08000183   Thumb Code     0  libinit2.o(.ARM.Collect$$libinit$$00000025)
    __rt_lib_shutdown                        0x08000185   Thumb Code     0  libshutdown.o(.ARM.Collect$$libshutdown$$00000000)
    __rt_lib_shutdown_cpp_1                  0x08000187   Thumb Code     0  libshutdown2.o(.ARM.Collect$$libshutdown$$00000002)
    __rt_lib_shutdown_fp_trap_1              0x08000187   Thumb Code     0  libshutdown2.o(.ARM.Collect$$libshutdown$$00000007)
    __rt_lib_shutdown_heap_1                 0x08000187   Thumb Code     0  libshutdown2.o(.ARM.Collect$$libshutdown$$0000000F)
    __rt_lib_shutdown_return                 0x08000187   Thumb Code     0  libshutdown2.o(.ARM.Collect$$libshutdown$$00000010)
    __rt_lib_shutdown_signal_1               0x08000187   Thumb Code     0  libshutdown2.o(.ARM.Collect$$libshutdown$$0000000A)
    __rt_lib_shutdown_stdio_1                0x08000187   Thumb Code     0  libshutdown2.o(.ARM.Collect$$libshutdown$$00000004)
    __rt_lib_shutdown_user_alloc_1           0x08000187   Thumb Code     0  libshutdown2.o(.ARM.Collect$$libshutdown$$0000000C)
    __rt_entry                               0x08000189   Thumb Code     0  __rtentry.o(.ARM.Collect$$rtentry$$00000000)
    __rt_entry_presh_1                       0x08000189   Thumb Code     0  __rtentry2.o(.ARM.Collect$$rtentry$$00000002)
    __rt_entry_sh                            0x08000189   Thumb Code     0  __rtentry4.o(.ARM.Collect$$rtentry$$00000004)
    __rt_entry_li                            0x0800018f   Thumb Code     0  __rtentry2.o(.ARM.Collect$$rtentry$$0000000A)
    __rt_entry_postsh_1                      0x0800018f   Thumb Code     0  __rtentry2.o(.ARM.Collect$$rtentry$$00000009)
    __rt_entry_main                          0x08000193   Thumb Code     0  __rtentry2.o(.ARM.Collect$$rtentry$$0000000D)
    __rt_entry_postli_1                      0x08000193   Thumb Code     0  __rtentry2.o(.ARM.Collect$$rtentry$$0000000C)
    __rt_exit                                0x0800019b   Thumb Code     0  rtexit.o(.ARM.Collect$$rtexit$$00000000)
    __rt_exit_ls                             0x0800019d   Thumb Code     0  rtexit2.o(.ARM.Collect$$rtexit$$00000003)
    __rt_exit_prels_1                        0x0800019d   Thumb Code     0  rtexit2.o(.ARM.Collect$$rtexit$$00000002)
    __rt_exit_exit                           0x080001a1   Thumb Code     0  rtexit2.o(.ARM.Collect$$rtexit$$00000004)
    Reset_Handler                            0x080001a9   Thumb Code     8  startup_stm32f103xb.o(.text)
    ADC1_2_IRQHandler                        0x080001c3   Thumb Code     0  startup_stm32f103xb.o(.text)
    CAN1_RX1_IRQHandler                      0x080001c3   Thumb Code     0  startup_stm32f103xb.o(.text)
    CAN1_SCE_IRQHandler                      0x080001c3   Thumb Code     0  startup_stm32f103xb.o(.text)
    DMA1_Channel1_IRQHandler                 0x080001c3   Thumb Code     0  startup_stm32f103xb.o(.text)
    DMA1_Channel2_IRQHandler                 0x080001c3   Thumb Code     0  startup_stm32f103xb.o(.text)
    DMA1_Channel3_IRQHandler                 0x080001c3   Thumb Code     0  startup_stm32f103xb.o(.text)
    DMA1_Channel4_IRQHandler                 0x080001c3   Thumb Code     0  startup_stm32f103xb.o(.text)
    DMA1_Channel5_IRQHandler                 0x080001c3   Thumb Code     0  startup_stm32f103xb.o(.text)
    DMA1_Channel6_IRQHandler                 0x080001c3   Thumb Code     0  startup_stm32f103xb.o(.text)
    DMA1_Channel7_IRQHandler                 0x080001c3   Thumb Code     0  startup_stm32f103xb.o(.text)
    EXTI0_IRQHandler                         0x080001c3   Thumb Code     0  startup_stm32f103xb.o(.text)
    EXTI15_10_IRQHandler                     0x080001c3   Thumb Code     0  startup_stm32f103xb.o(.text)
    EXTI1_IRQHandler                         0x080001c3   Thumb Code     0  startup_stm32f103xb.o(.text)
    EXTI2_IRQHandler                         0x080001c3   Thumb Code     0  startup_stm32f103xb.o(.text)
    EXTI3_IRQHandler                         0x080001c3   Thumb Code     0  startup_stm32f103xb.o(.text)
    EXTI4_IRQHandler                         0x080001c3   Thumb Code     0  startup_stm32f103xb.o(.text)
    EXTI9_5_IRQHandler                       0x080001c3   Thumb Code     0  startup_stm32f103xb.o(.text)
    FLASH_IRQHandler                         0x080001c3   Thumb Code     0  startup_stm32f103xb.o(.text)
    I2C1_ER_IRQHandler                       0x080001c3   Thumb Code     0  startup_stm32f103xb.o(.text)
    I2C1_EV_IRQHandler                       0x080001c3   Thumb Code     0  startup_stm32f103xb.o(.text)
    I2C2_ER_IRQHandler                       0x080001c3   Thumb Code     0  startup_stm32f103xb.o(.text)
    I2C2_EV_IRQHandler                       0x080001c3   Thumb Code     0  startup_stm32f103xb.o(.text)
    PVD_IRQHandler                           0x080001c3   Thumb Code     0  startup_stm32f103xb.o(.text)
    RCC_IRQHandler                           0x080001c3   Thumb Code     0  startup_stm32f103xb.o(.text)
    RTC_Alarm_IRQHandler                     0x080001c3   Thumb Code     0  startup_stm32f103xb.o(.text)
    RTC_IRQHandler                           0x080001c3   Thumb Code     0  startup_stm32f103xb.o(.text)
    SPI1_IRQHandler                          0x080001c3   Thumb Code     0  startup_stm32f103xb.o(.text)
    SPI2_IRQHandler                          0x080001c3   Thumb Code     0  startup_stm32f103xb.o(.text)
    TAMPER_IRQHandler                        0x080001c3   Thumb Code     0  startup_stm32f103xb.o(.text)
    TIM1_BRK_IRQHandler                      0x080001c3   Thumb Code     0  startup_stm32f103xb.o(.text)
    TIM1_CC_IRQHandler                       0x080001c3   Thumb Code     0  startup_stm32f103xb.o(.text)
    TIM1_TRG_COM_IRQHandler                  0x080001c3   Thumb Code     0  startup_stm32f103xb.o(.text)
    TIM1_UP_IRQHandler                       0x080001c3   Thumb Code     0  startup_stm32f103xb.o(.text)
    TIM3_IRQHandler                          0x080001c3   Thumb Code     0  startup_stm32f103xb.o(.text)
    TIM4_IRQHandler                          0x080001c3   Thumb Code     0  startup_stm32f103xb.o(.text)
    USART2_IRQHandler                        0x080001c3   Thumb Code     0  startup_stm32f103xb.o(.text)
    USART3_IRQHandler                        0x080001c3   Thumb Code     0  startup_stm32f103xb.o(.text)
    USBWakeUp_IRQHandler                     0x080001c3   Thumb Code     0  startup_stm32f103xb.o(.text)
    USB_HP_CAN1_TX_IRQHandler                0x080001c3   Thumb Code     0  startup_stm32f103xb.o(.text)
    USB_LP_CAN1_RX0_IRQHandler               0x080001c3   Thumb Code     0  startup_stm32f103xb.o(.text)
    WWDG_IRQHandler                          0x080001c3   Thumb Code     0  startup_stm32f103xb.o(.text)
    __user_initial_stackheap                 0x080001c5   Thumb Code     0  startup_stm32f103xb.o(.text)
    __2sprintf                               0x080001e9   Thumb Code    34  noretval__2sprintf.o(.text)
    _printf_int_dec                          0x08000211   Thumb Code   104  _printf_dec.o(.text)
    __printf                                 0x08000289   Thumb Code   270  __printf_wp.o(.text)
    strlen                                   0x08000397   Thumb Code    62  strlen.o(.text)
    strncmp                                  0x080003d5   Thumb Code   150  strncmp.o(.text)
    __aeabi_memcpy4                          0x0800046b   Thumb Code     0  rt_memcpy_w.o(.text)
    __aeabi_memcpy8                          0x0800046b   Thumb Code     0  rt_memcpy_w.o(.text)
    __rt_memcpy_w                            0x0800046b   Thumb Code   100  rt_memcpy_w.o(.text)
    _memcpy_lastbytes_aligned                0x080004b3   Thumb Code     0  rt_memcpy_w.o(.text)
    __aeabi_memclr4                          0x080004cf   Thumb Code     0  rt_memclr_w.o(.text)
    __aeabi_memclr8                          0x080004cf   Thumb Code     0  rt_memclr_w.o(.text)
    __rt_memclr_w                            0x080004cf   Thumb Code    78  rt_memclr_w.o(.text)
    _memset_w                                0x080004d3   Thumb Code     0  rt_memclr_w.o(.text)
    strcmp                                   0x0800051d   Thumb Code   128  strcmpv7m.o(.text)
    __use_two_region_memory                  0x0800059d   Thumb Code     2  heapauxi.o(.text)
    __rt_heap_escrow$2region                 0x0800059f   Thumb Code     2  heapauxi.o(.text)
    __rt_heap_expand$2region                 0x080005a1   Thumb Code     2  heapauxi.o(.text)
    _printf_int_common                       0x080005a3   Thumb Code   178  _printf_intcommon.o(.text)
    __lib_sel_fp_printf                      0x08000655   Thumb Code     2  _printf_fp_dec.o(.text)
    _printf_fp_dec_real                      0x08000807   Thumb Code   620  _printf_fp_dec.o(.text)
    _printf_char_common                      0x08000a7f   Thumb Code    32  _printf_char_common.o(.text)
    _sputc                                   0x08000aa5   Thumb Code    10  _sputc.o(.text)
    __rt_locale                              0x08000ab1   Thumb Code     8  rt_locale_intlibspace.o(.text)
    _ll_udiv10                               0x08000ab9   Thumb Code   138  lludiv10.o(.text)
    _printf_fp_infnan                        0x08000b45   Thumb Code   112  _printf_fp_infnan.o(.text)
    _btod_etento                             0x08000bc5   Thumb Code   224  bigflt0.o(.text)
    __user_libspace                          0x08000ca9   Thumb Code     8  libspace.o(.text)
    __user_perproc_libspace                  0x08000ca9   Thumb Code     0  libspace.o(.text)
    __user_perthread_libspace                0x08000ca9   Thumb Code     0  libspace.o(.text)
    __user_setup_stackheap                   0x08000cb1   Thumb Code    74  sys_stackheap_outer.o(.text)
    exit                                     0x08000cfb   Thumb Code    18  exit.o(.text)
    _sys_exit                                0x08000d0d   Thumb Code     8  sys_exit.o(.text)
    __I$use$semihosting                      0x08000d19   Thumb Code     0  use_no_semi.o(.text)
    __use_no_semihosting_swi                 0x08000d19   Thumb Code     2  use_no_semi.o(.text)
    __semihosting_library_function           0x08000d1b   Thumb Code     0  indicate_semi.o(.text)
    _btod_d2e                                0x08000d1b   Thumb Code    62  btod.o(CL$$btod_d2e)
    _d2e_denorm_low                          0x08000d59   Thumb Code    70  btod.o(CL$$btod_d2e_denorm_low)
    _d2e_norm_op1                            0x08000d9f   Thumb Code    96  btod.o(CL$$btod_d2e_norm_op1)
    __btod_div_common                        0x08000dff   Thumb Code   696  btod.o(CL$$btod_div_common)
    _e2e                                     0x08001137   Thumb Code   220  btod.o(CL$$btod_e2e)
    _btod_ediv                               0x08001213   Thumb Code    42  btod.o(CL$$btod_ediv)
    _btod_emul                               0x0800123d   Thumb Code    42  btod.o(CL$$btod_emul)
    __btod_mult_common                       0x08001267   Thumb Code   580  btod.o(CL$$btod_mult_common)
    BusFault_Handler                         0x080014ab   Thumb Code     2  stm32f1xx_it.o(i.BusFault_Handler)
    DHT11_Read                               0x080014ad   Thumb Code   148  main.o(i.DHT11_Read)
    DHT11_Start                              0x08001549   Thumb Code   158  main.o(i.DHT11_Start)
    DebugMon_Handler                         0x080015f1   Thumb Code     2  stm32f1xx_it.o(i.DebugMon_Handler)
    HAL_DMA_Abort                            0x080015f3   Thumb Code    70  stm32f1xx_hal_dma.o(i.HAL_DMA_Abort)
    HAL_DMA_Abort_IT                         0x08001639   Thumb Code   148  stm32f1xx_hal_dma.o(i.HAL_DMA_Abort_IT)
    HAL_Delay                                0x080016d1   Thumb Code    32  stm32f1xx_hal.o(i.HAL_Delay)
    HAL_GPIO_Init                            0x080016f5   Thumb Code   446  stm32f1xx_hal_gpio.o(i.HAL_GPIO_Init)
    HAL_GPIO_ReadPin                         0x080018d5   Thumb Code    10  stm32f1xx_hal_gpio.o(i.HAL_GPIO_ReadPin)
    HAL_GPIO_WritePin                        0x080018df   Thumb Code    10  stm32f1xx_hal_gpio.o(i.HAL_GPIO_WritePin)
    HAL_GetTick                              0x080018e9   Thumb Code     6  stm32f1xx_hal.o(i.HAL_GetTick)
    HAL_IncTick                              0x080018f5   Thumb Code    12  stm32f1xx_hal.o(i.HAL_IncTick)
    HAL_Init                                 0x08001905   Thumb Code    32  stm32f1xx_hal.o(i.HAL_Init)
    HAL_InitTick                             0x08001929   Thumb Code    54  stm32f1xx_hal.o(i.HAL_InitTick)
    HAL_MspInit                              0x08001969   Thumb Code    52  stm32f1xx_hal_msp.o(i.HAL_MspInit)
    HAL_NVIC_EnableIRQ                       0x080019a5   Thumb Code    26  stm32f1xx_hal_cortex.o(i.HAL_NVIC_EnableIRQ)
    HAL_NVIC_SetPriority                     0x080019c1   Thumb Code    60  stm32f1xx_hal_cortex.o(i.HAL_NVIC_SetPriority)
    HAL_NVIC_SetPriorityGrouping             0x08001a01   Thumb Code    26  stm32f1xx_hal_cortex.o(i.HAL_NVIC_SetPriorityGrouping)
    HAL_RCC_ClockConfig                      0x08001a25   Thumb Code   280  stm32f1xx_hal_rcc.o(i.HAL_RCC_ClockConfig)
    HAL_RCC_GetPCLK1Freq                     0x08001b51   Thumb Code    20  stm32f1xx_hal_rcc.o(i.HAL_RCC_GetPCLK1Freq)
    HAL_RCC_GetPCLK2Freq                     0x08001b71   Thumb Code    20  stm32f1xx_hal_rcc.o(i.HAL_RCC_GetPCLK2Freq)
    HAL_RCC_GetSysClockFreq                  0x08001b91   Thumb Code    58  stm32f1xx_hal_rcc.o(i.HAL_RCC_GetSysClockFreq)
    HAL_RCC_OscConfig                        0x08001bdd   Thumb Code   778  stm32f1xx_hal_rcc.o(i.HAL_RCC_OscConfig)
    HAL_SYSTICK_Config                       0x08001efd   Thumb Code    40  stm32f1xx_hal_cortex.o(i.HAL_SYSTICK_Config)
    HAL_TIMEx_BreakCallback                  0x08001f25   Thumb Code     2  stm32f1xx_hal_tim_ex.o(i.HAL_TIMEx_BreakCallback)
    HAL_TIMEx_CommutCallback                 0x08001f27   Thumb Code     2  stm32f1xx_hal_tim_ex.o(i.HAL_TIMEx_CommutCallback)
    HAL_TIMEx_MasterConfigSynchronization    0x08001f29   Thumb Code    92  stm32f1xx_hal_tim_ex.o(i.HAL_TIMEx_MasterConfigSynchronization)
    HAL_TIM_Base_Init                        0x08001f91   Thumb Code    90  stm32f1xx_hal_tim.o(i.HAL_TIM_Base_Init)
    HAL_TIM_Base_MspInit                     0x08001fed   Thumb Code    72  stm32f1xx_hal_msp.o(i.HAL_TIM_Base_MspInit)
    HAL_TIM_Base_Start                       0x0800203d   Thumb Code    66  stm32f1xx_hal_tim.o(i.HAL_TIM_Base_Start)
    HAL_TIM_Base_Start_IT                    0x0800208d   Thumb Code    76  stm32f1xx_hal_tim.o(i.HAL_TIM_Base_Start_IT)
    HAL_TIM_ConfigClockSource                0x080020e5   Thumb Code   220  stm32f1xx_hal_tim.o(i.HAL_TIM_ConfigClockSource)
    HAL_TIM_IC_CaptureCallback               0x080021c1   Thumb Code     2  stm32f1xx_hal_tim.o(i.HAL_TIM_IC_CaptureCallback)
    HAL_TIM_IRQHandler                       0x080021c3   Thumb Code   304  stm32f1xx_hal_tim.o(i.HAL_TIM_IRQHandler)
    HAL_TIM_OC_DelayElapsedCallback          0x080022f3   Thumb Code     2  stm32f1xx_hal_tim.o(i.HAL_TIM_OC_DelayElapsedCallback)
    HAL_TIM_PWM_PulseFinishedCallback        0x080022f5   Thumb Code     2  stm32f1xx_hal_tim.o(i.HAL_TIM_PWM_PulseFinishedCallback)
    HAL_TIM_PeriodElapsedCallback            0x080022f9   Thumb Code    18  main.o(i.HAL_TIM_PeriodElapsedCallback)
    HAL_TIM_TriggerCallback                  0x08002311   Thumb Code     2  stm32f1xx_hal_tim.o(i.HAL_TIM_TriggerCallback)
    HAL_UARTEx_RxEventCallback               0x08002313   Thumb Code     2  stm32f1xx_hal_uart.o(i.HAL_UARTEx_RxEventCallback)
    HAL_UART_ErrorCallback                   0x08002315   Thumb Code     2  stm32f1xx_hal_uart.o(i.HAL_UART_ErrorCallback)
    HAL_UART_IRQHandler                      0x08002319   Thumb Code   616  stm32f1xx_hal_uart.o(i.HAL_UART_IRQHandler)
    HAL_UART_Init                            0x08002585   Thumb Code   100  stm32f1xx_hal_uart.o(i.HAL_UART_Init)
    HAL_UART_MspInit                         0x080025e9   Thumb Code   116  stm32f1xx_hal_msp.o(i.HAL_UART_MspInit)
    HAL_UART_Receive_IT                      0x08002669   Thumb Code    28  stm32f1xx_hal_uart.o(i.HAL_UART_Receive_IT)
    HAL_UART_RxCpltCallback                  0x08002685   Thumb Code    72  main.o(i.HAL_UART_RxCpltCallback)
    HAL_UART_Transmit                        0x080026d9   Thumb Code   160  stm32f1xx_hal_uart.o(i.HAL_UART_Transmit)
    HAL_UART_TxCpltCallback                  0x08002779   Thumb Code     2  stm32f1xx_hal_uart.o(i.HAL_UART_TxCpltCallback)
    HardFault_Handler                        0x0800277b   Thumb Code     2  stm32f1xx_it.o(i.HardFault_Handler)
    Lcd_create                               0x0800277d   Thumb Code    52  lcd.o(i.Lcd_create)
    Lcd_cursor                               0x080027b1   Thumb Code    14  lcd.o(i.Lcd_cursor)
    Lcd_init                                 0x080027c5   Thumb Code    64  lcd.o(i.Lcd_init)
    Lcd_string                               0x08002805   Thumb Code    34  lcd.o(i.Lcd_string)
    MemManage_Handler                        0x080029e9   Thumb Code     2  stm32f1xx_it.o(i.MemManage_Handler)
    NMI_Handler                              0x080029eb   Thumb Code     2  stm32f1xx_it.o(i.NMI_Handler)
    PendSV_Handler                           0x080029ed   Thumb Code     2  stm32f1xx_it.o(i.PendSV_Handler)
    SVC_Handler                              0x080029ef   Thumb Code     2  stm32f1xx_it.o(i.SVC_Handler)
    SysTick_Handler                          0x080029f1   Thumb Code     4  stm32f1xx_it.o(i.SysTick_Handler)
    SystemClock_Config                       0x080029f5   Thumb Code    94  main.o(i.SystemClock_Config)
    SystemInit                               0x08002a53   Thumb Code     2  system_stm32f1xx.o(i.SystemInit)
    TIM2_IRQHandler                          0x08002a55   Thumb Code     6  stm32f1xx_it.o(i.TIM2_IRQHandler)
    TIM_Base_SetConfig                       0x08002a61   Thumb Code   108  stm32f1xx_hal_tim.o(i.TIM_Base_SetConfig)
    TIM_ETR_SetConfig                        0x08002ad9   Thumb Code    20  stm32f1xx_hal_tim.o(i.TIM_ETR_SetConfig)
    UART_Start_Receive_IT                    0x08002d1d   Thumb Code    54  stm32f1xx_hal_uart.o(i.UART_Start_Receive_IT)
    USART1_IRQHandler                        0x08002dc5   Thumb Code     6  stm32f1xx_it.o(i.USART1_IRQHandler)
    UsageFault_Handler                       0x08002dd1   Thumb Code     2  stm32f1xx_it.o(i.UsageFault_Handler)
    __ARM_fpclassify                         0x08002dd3   Thumb Code    40  fpclassify.o(i.__ARM_fpclassify)
    _is_digit                                0x08002e1b   Thumb Code    14  __printf_wp.o(i._is_digit)
    displayDigit                             0x08002e29   Thumb Code    84  main.o(i.displayDigit)
    displayTemperatureOnLCD                  0x08002e89   Thumb Code   104  main.o(i.displayTemperatureOnLCD)
    displayTemperatureOnLED                  0x08002f0d   Thumb Code   124  main.o(i.displayTemperatureOnLED)
    main                                     0x08003045   Thumb Code   452  main.o(i.main)
    microDelay                               0x08003269   Thumb Code    18  main.o(i.microDelay)
    processCommand                           0x08003281   Thumb Code   232  main.o(i.processCommand)
    sendDataViaUART                          0x080034b5   Thumb Code   124  main.o(i.sendDataViaUART)
    _get_lc_numeric                          0x0800356d   Thumb Code    44  lc_numeric_c.o(locale$$code)
    __fpl_dretinf                            0x08003599   Thumb Code    12  dretinf.o(x$fpl$dretinf)
    __aeabi_f2d                              0x080035a5   Thumb Code     0  f2d.o(x$fpl$f2d)
    _f2d                                     0x080035a5   Thumb Code    86  f2d.o(x$fpl$f2d)
    __aeabi_fadd                             0x080035fd   Thumb Code     0  faddsub_clz.o(x$fpl$fadd)
    _fadd                                    0x080035fd   Thumb Code   196  faddsub_clz.o(x$fpl$fadd)
    __aeabi_fdiv                             0x080036c1   Thumb Code     0  fdiv.o(x$fpl$fdiv)
    _fdiv                                    0x080036c1   Thumb Code   384  fdiv.o(x$fpl$fdiv)
    __aeabi_f2iz                             0x08003845   Thumb Code     0  ffix.o(x$fpl$ffix)
    _ffix                                    0x08003845   Thumb Code    54  ffix.o(x$fpl$ffix)
    __aeabi_i2f                              0x0800387d   Thumb Code     0  fflt_clz.o(x$fpl$fflt)
    _fflt                                    0x0800387d   Thumb Code    48  fflt_clz.o(x$fpl$fflt)
    __aeabi_ui2f                             0x080038ad   Thumb Code     0  fflt_clz.o(x$fpl$ffltu)
    _ffltu                                   0x080038ad   Thumb Code    38  fflt_clz.o(x$fpl$ffltu)
    __aeabi_fmul                             0x080038d5   Thumb Code     0  fmul.o(x$fpl$fmul)
    _fmul                                    0x080038d5   Thumb Code   258  fmul.o(x$fpl$fmul)
    __fpl_fnaninf                            0x080039d7   Thumb Code   140  fnaninf.o(x$fpl$fnaninf)
    __fpl_fretinf                            0x08003a63   Thumb Code    10  fretinf.o(x$fpl$fretinf)
    __aeabi_frsub                            0x08003a6d   Thumb Code     0  faddsub_clz.o(x$fpl$frsb)
    _frsb                                    0x08003a6d   Thumb Code    20  faddsub_clz.o(x$fpl$frsb)
    __aeabi_fsub                             0x08003a81   Thumb Code     0  faddsub_clz.o(x$fpl$fsub)
    _fsub                                    0x08003a81   Thumb Code   234  faddsub_clz.o(x$fpl$fsub)
    _printf_fp_dec                           0x08003b6b   Thumb Code     4  printf1.o(x$fpl$printf1)
    ROW_16                                   0x08003b6e   Data           4  lcd.o(.constdata)
    __I$use$fp                               0x08003b6e   Number         0  usenofp.o(x$fpl$usenofp)
    AHBPrescTable                            0x08003b9e   Data          16  system_stm32f1xx.o(.constdata)
    APBPrescTable                            0x08003bae   Data           8  system_stm32f1xx.o(.constdata)
    Region$$Table$$Base                      0x08003c4c   Number         0  anon$$obj.o(Region$$Table)
    Region$$Table$$Limit                     0x08003c6c   Number         0  anon$$obj.o(Region$$Table)
    rx_index                                 0x20000000   Data           1  main.o(.data)
    systemState                              0x20000001   Data           1  main.o(.data)
    displayMode                              0x20000002   Data           1  main.o(.data)
    RH1                                      0x20000004   Data           1  main.o(.data)
    RH2                                      0x20000005   Data           1  main.o(.data)
    TC1                                      0x20000006   Data           1  main.o(.data)
    TC2                                      0x20000007   Data           1  main.o(.data)
    SUM                                      0x20000008   Data           1  main.o(.data)
    CHECK                                    0x20000009   Data           1  main.o(.data)
    rx_data                                  0x2000000a   Data           1  main.o(.data)
    Count                                    0x2000000c   Data           2  main.o(.data)
    tCelsius                                 0x20000010   Data           4  main.o(.data)
    tFahrenheit                              0x20000014   Data           4  main.o(.data)
    RH                                       0x20000018   Data           4  main.o(.data)
    tick                                     0x2000001c   Data           4  main.o(.data)
    pMillis                                  0x20000020   Data           4  main.o(.data)
    cMillis                                  0x20000024   Data           4  main.o(.data)
    led_segments                             0x20000028   Data          10  main.o(.data)
    uwTickFreq                               0x20000034   Data           1  stm32f1xx_hal.o(.data)
    uwTickPrio                               0x20000038   Data           4  stm32f1xx_hal.o(.data)
    uwTick                                   0x2000003c   Data           4  stm32f1xx_hal.o(.data)
    SystemCoreClock                          0x20000040   Data           4  system_stm32f1xx.o(.data)
    htim2                                    0x20000044   Data          72  main.o(.bss)
    htim4                                    0x2000008c   Data          72  main.o(.bss)
    huart1                                   0x200000d4   Data          72  main.o(.bss)
    rx_buffer                                0x2000011c   Data         100  main.o(.bss)
    __libspace_start                         0x20000180   Data          96  libspace.o(.bss)
    __temporary_stack_top$libspace           0x200001e0   Data           0  libspace.o(.bss)



==============================================================================

Memory Map of the image

  Image Entry point : 0x080000ed

  Load Region LR_IROM1 (Base: 0x08000000, Size: 0x00003ccc, Max: 0x00010000, ABSOLUTE)

    Execution Region ER_IROM1 (Exec base: 0x08000000, Load base: 0x08000000, Size: 0x00003c88, Max: 0x00010000, ABSOLUTE)

    Exec Addr    Load Addr    Size         Type   Attr      Idx    E Section Name        Object

    0x08000000   0x08000000   0x000000ec   Data   RO            3    RESET               startup_stm32f103xb.o
    0x080000ec   0x080000ec   0x00000008   Code   RO         3067  * !!!main             c_w.l(__main.o)
    0x080000f4   0x080000f4   0x00000034   Code   RO         3309    !!!scatter          c_w.l(__scatter.o)
    0x08000128   0x08000128   0x0000001a   Code   RO         3311    !!handler_copy      c_w.l(__scatter_copy.o)
    0x08000142   0x08000142   0x00000002   PAD
    0x08000144   0x08000144   0x0000001c   Code   RO         3313    !!handler_zi        c_w.l(__scatter_zi.o)
    0x08000160   0x08000160   0x00000000   Code   RO         3054    .ARM.Collect$$_printf_percent$$00000000  c_w.l(_printf_percent.o)
    0x08000160   0x08000160   0x00000006   Code   RO         3053    .ARM.Collect$$_printf_percent$$00000003  c_w.l(_printf_f.o)
    0x08000166   0x08000166   0x00000006   Code   RO         3052    .ARM.Collect$$_printf_percent$$00000009  c_w.l(_printf_d.o)
    0x0800016c   0x0800016c   0x00000004   Code   RO         3104    .ARM.Collect$$_printf_percent$$00000017  c_w.l(_printf_percent_end.o)
    0x08000170   0x08000170   0x00000002   Code   RO         3182    .ARM.Collect$$libinit$$00000000  c_w.l(libinit.o)
    0x08000172   0x08000172   0x00000000   Code   RO         3184    .ARM.Collect$$libinit$$00000002  c_w.l(libinit2.o)
    0x08000172   0x08000172   0x00000000   Code   RO         3186    .ARM.Collect$$libinit$$00000004  c_w.l(libinit2.o)
    0x08000172   0x08000172   0x00000000   Code   RO         3189    .ARM.Collect$$libinit$$0000000A  c_w.l(libinit2.o)
    0x08000172   0x08000172   0x00000000   Code   RO         3191    .ARM.Collect$$libinit$$0000000C  c_w.l(libinit2.o)
    0x08000172   0x08000172   0x00000000   Code   RO         3193    .ARM.Collect$$libinit$$0000000E  c_w.l(libinit2.o)
    0x08000172   0x08000172   0x00000006   Code   RO         3194    .ARM.Collect$$libinit$$0000000F  c_w.l(libinit2.o)
    0x08000178   0x08000178   0x00000000   Code   RO         3196    .ARM.Collect$$libinit$$00000011  c_w.l(libinit2.o)
    0x08000178   0x08000178   0x00000000   Code   RO         3198    .ARM.Collect$$libinit$$00000013  c_w.l(libinit2.o)
    0x08000178   0x08000178   0x00000000   Code   RO         3200    .ARM.Collect$$libinit$$00000015  c_w.l(libinit2.o)
    0x08000178   0x08000178   0x0000000a   Code   RO         3201    .ARM.Collect$$libinit$$00000016  c_w.l(libinit2.o)
    0x08000182   0x08000182   0x00000000   Code   RO         3202    .ARM.Collect$$libinit$$00000017  c_w.l(libinit2.o)
    0x08000182   0x08000182   0x00000000   Code   RO         3204    .ARM.Collect$$libinit$$00000019  c_w.l(libinit2.o)
    0x08000182   0x08000182   0x00000000   Code   RO         3206    .ARM.Collect$$libinit$$0000001B  c_w.l(libinit2.o)
    0x08000182   0x08000182   0x00000000   Code   RO         3208    .ARM.Collect$$libinit$$0000001D  c_w.l(libinit2.o)
    0x08000182   0x08000182   0x00000000   Code   RO         3210    .ARM.Collect$$libinit$$0000001F  c_w.l(libinit2.o)
    0x08000182   0x08000182   0x00000000   Code   RO         3212    .ARM.Collect$$libinit$$00000021  c_w.l(libinit2.o)
    0x08000182   0x08000182   0x00000000   Code   RO         3214    .ARM.Collect$$libinit$$00000023  c_w.l(libinit2.o)
    0x08000182   0x08000182   0x00000000   Code   RO         3216    .ARM.Collect$$libinit$$00000025  c_w.l(libinit2.o)
    0x08000182   0x08000182   0x00000000   Code   RO         3220    .ARM.Collect$$libinit$$0000002C  c_w.l(libinit2.o)
    0x08000182   0x08000182   0x00000000   Code   RO         3222    .ARM.Collect$$libinit$$0000002E  c_w.l(libinit2.o)
    0x08000182   0x08000182   0x00000000   Code   RO         3224    .ARM.Collect$$libinit$$00000030  c_w.l(libinit2.o)
    0x08000182   0x08000182   0x00000000   Code   RO         3226    .ARM.Collect$$libinit$$00000032  c_w.l(libinit2.o)
    0x08000182   0x08000182   0x00000002   Code   RO         3227    .ARM.Collect$$libinit$$00000033  c_w.l(libinit2.o)
    0x08000184   0x08000184   0x00000002   Code   RO         3257    .ARM.Collect$$libshutdown$$00000000  c_w.l(libshutdown.o)
    0x08000186   0x08000186   0x00000000   Code   RO         3268    .ARM.Collect$$libshutdown$$00000002  c_w.l(libshutdown2.o)
    0x08000186   0x08000186   0x00000000   Code   RO         3270    .ARM.Collect$$libshutdown$$00000004  c_w.l(libshutdown2.o)
    0x08000186   0x08000186   0x00000000   Code   RO         3273    .ARM.Collect$$libshutdown$$00000007  c_w.l(libshutdown2.o)
    0x08000186   0x08000186   0x00000000   Code   RO         3276    .ARM.Collect$$libshutdown$$0000000A  c_w.l(libshutdown2.o)
    0x08000186   0x08000186   0x00000000   Code   RO         3278    .ARM.Collect$$libshutdown$$0000000C  c_w.l(libshutdown2.o)
    0x08000186   0x08000186   0x00000000   Code   RO         3281    .ARM.Collect$$libshutdown$$0000000F  c_w.l(libshutdown2.o)
    0x08000186   0x08000186   0x00000002   Code   RO         3282    .ARM.Collect$$libshutdown$$00000010  c_w.l(libshutdown2.o)
    0x08000188   0x08000188   0x00000000   Code   RO         3095    .ARM.Collect$$rtentry$$00000000  c_w.l(__rtentry.o)
    0x08000188   0x08000188   0x00000000   Code   RO         3113    .ARM.Collect$$rtentry$$00000002  c_w.l(__rtentry2.o)
    0x08000188   0x08000188   0x00000006   Code   RO         3125    .ARM.Collect$$rtentry$$00000004  c_w.l(__rtentry4.o)
    0x0800018e   0x0800018e   0x00000000   Code   RO         3115    .ARM.Collect$$rtentry$$00000009  c_w.l(__rtentry2.o)
    0x0800018e   0x0800018e   0x00000004   Code   RO         3116    .ARM.Collect$$rtentry$$0000000A  c_w.l(__rtentry2.o)
    0x08000192   0x08000192   0x00000000   Code   RO         3118    .ARM.Collect$$rtentry$$0000000C  c_w.l(__rtentry2.o)
    0x08000192   0x08000192   0x00000008   Code   RO         3119    .ARM.Collect$$rtentry$$0000000D  c_w.l(__rtentry2.o)
    0x0800019a   0x0800019a   0x00000002   Code   RO         3228    .ARM.Collect$$rtexit$$00000000  c_w.l(rtexit.o)
    0x0800019c   0x0800019c   0x00000000   Code   RO         3235    .ARM.Collect$$rtexit$$00000002  c_w.l(rtexit2.o)
    0x0800019c   0x0800019c   0x00000004   Code   RO         3236    .ARM.Collect$$rtexit$$00000003  c_w.l(rtexit2.o)
    0x080001a0   0x080001a0   0x00000006   Code   RO         3237    .ARM.Collect$$rtexit$$00000004  c_w.l(rtexit2.o)
    0x080001a6   0x080001a6   0x00000002   PAD
    0x080001a8   0x080001a8   0x00000040   Code   RO            4    .text               startup_stm32f103xb.o
    0x080001e8   0x080001e8   0x00000028   Code   RO         3026    .text               c_w.l(noretval__2sprintf.o)
    0x08000210   0x08000210   0x00000078   Code   RO         3030    .text               c_w.l(_printf_dec.o)
    0x08000288   0x08000288   0x0000010e   Code   RO         3040    .text               c_w.l(__printf_wp.o)
    0x08000396   0x08000396   0x0000003e   Code   RO         3055    .text               c_w.l(strlen.o)
    0x080003d4   0x080003d4   0x00000096   Code   RO         3057    .text               c_w.l(strncmp.o)
    0x0800046a   0x0800046a   0x00000064   Code   RO         3059    .text               c_w.l(rt_memcpy_w.o)
    0x080004ce   0x080004ce   0x0000004e   Code   RO         3061    .text               c_w.l(rt_memclr_w.o)
    0x0800051c   0x0800051c   0x00000080   Code   RO         3063    .text               c_w.l(strcmpv7m.o)
    0x0800059c   0x0800059c   0x00000006   Code   RO         3065    .text               c_w.l(heapauxi.o)
    0x080005a2   0x080005a2   0x000000b2   Code   RO         3096    .text               c_w.l(_printf_intcommon.o)
    0x08000654   0x08000654   0x0000041e   Code   RO         3098    .text               c_w.l(_printf_fp_dec.o)
    0x08000a72   0x08000a72   0x00000002   PAD
    0x08000a74   0x08000a74   0x00000030   Code   RO         3100    .text               c_w.l(_printf_char_common.o)
    0x08000aa4   0x08000aa4   0x0000000a   Code   RO         3102    .text               c_w.l(_sputc.o)
    0x08000aae   0x08000aae   0x00000002   PAD
    0x08000ab0   0x08000ab0   0x00000008   Code   RO         3130    .text               c_w.l(rt_locale_intlibspace.o)
    0x08000ab8   0x08000ab8   0x0000008a   Code   RO         3132    .text               c_w.l(lludiv10.o)
    0x08000b42   0x08000b42   0x00000002   PAD
    0x08000b44   0x08000b44   0x00000080   Code   RO         3134    .text               c_w.l(_printf_fp_infnan.o)
    0x08000bc4   0x08000bc4   0x000000e4   Code   RO         3138    .text               c_w.l(bigflt0.o)
    0x08000ca8   0x08000ca8   0x00000008   Code   RO         3170    .text               c_w.l(libspace.o)
    0x08000cb0   0x08000cb0   0x0000004a   Code   RO         3173    .text               c_w.l(sys_stackheap_outer.o)
    0x08000cfa   0x08000cfa   0x00000012   Code   RO         3175    .text               c_w.l(exit.o)
    0x08000d0c   0x08000d0c   0x0000000c   Code   RO         3247    .text               c_w.l(sys_exit.o)
    0x08000d18   0x08000d18   0x00000002   Code   RO         3258    .text               c_w.l(use_no_semi.o)
    0x08000d1a   0x08000d1a   0x00000000   Code   RO         3260    .text               c_w.l(indicate_semi.o)
    0x08000d1a   0x08000d1a   0x0000003e   Code   RO         3141    CL$$btod_d2e        c_w.l(btod.o)
    0x08000d58   0x08000d58   0x00000046   Code   RO         3143    CL$$btod_d2e_denorm_low  c_w.l(btod.o)
    0x08000d9e   0x08000d9e   0x00000060   Code   RO         3142    CL$$btod_d2e_norm_op1  c_w.l(btod.o)
    0x08000dfe   0x08000dfe   0x00000338   Code   RO         3151    CL$$btod_div_common  c_w.l(btod.o)
    0x08001136   0x08001136   0x000000dc   Code   RO         3148    CL$$btod_e2e        c_w.l(btod.o)
    0x08001212   0x08001212   0x0000002a   Code   RO         3145    CL$$btod_ediv       c_w.l(btod.o)
    0x0800123c   0x0800123c   0x0000002a   Code   RO         3144    CL$$btod_emul       c_w.l(btod.o)
    0x08001266   0x08001266   0x00000244   Code   RO         3150    CL$$btod_mult_common  c_w.l(btod.o)
    0x080014aa   0x080014aa   0x00000002   Code   RO          419    i.BusFault_Handler  stm32f1xx_it.o
    0x080014ac   0x080014ac   0x0000009c   Code   RO          190    i.DHT11_Read        main.o
    0x08001548   0x08001548   0x000000a8   Code   RO          191    i.DHT11_Start       main.o
    0x080015f0   0x080015f0   0x00000002   Code   RO          420    i.DebugMon_Handler  stm32f1xx_it.o
    0x080015f2   0x080015f2   0x00000046   Code   RO         2026    i.HAL_DMA_Abort     stm32f1xx_hal_dma.o
    0x08001638   0x08001638   0x00000098   Code   RO         2027    i.HAL_DMA_Abort_IT  stm32f1xx_hal_dma.o
    0x080016d0   0x080016d0   0x00000024   Code   RO         1652    i.HAL_Delay         stm32f1xx_hal.o
    0x080016f4   0x080016f4   0x000001e0   Code   RO         1962    i.HAL_GPIO_Init     stm32f1xx_hal_gpio.o
    0x080018d4   0x080018d4   0x0000000a   Code   RO         1964    i.HAL_GPIO_ReadPin  stm32f1xx_hal_gpio.o
    0x080018de   0x080018de   0x0000000a   Code   RO         1966    i.HAL_GPIO_WritePin  stm32f1xx_hal_gpio.o
    0x080018e8   0x080018e8   0x0000000c   Code   RO         1656    i.HAL_GetTick       stm32f1xx_hal.o
    0x080018f4   0x080018f4   0x00000010   Code   RO         1662    i.HAL_IncTick       stm32f1xx_hal.o
    0x08001904   0x08001904   0x00000024   Code   RO         1663    i.HAL_Init          stm32f1xx_hal.o
    0x08001928   0x08001928   0x00000040   Code   RO         1664    i.HAL_InitTick      stm32f1xx_hal.o
    0x08001968   0x08001968   0x0000003c   Code   RO          588    i.HAL_MspInit       stm32f1xx_hal_msp.o
    0x080019a4   0x080019a4   0x0000001a   Code   RO         2122    i.HAL_NVIC_EnableIRQ  stm32f1xx_hal_cortex.o
    0x080019be   0x080019be   0x00000002   PAD
    0x080019c0   0x080019c0   0x00000040   Code   RO         2128    i.HAL_NVIC_SetPriority  stm32f1xx_hal_cortex.o
    0x08001a00   0x08001a00   0x00000024   Code   RO         2129    i.HAL_NVIC_SetPriorityGrouping  stm32f1xx_hal_cortex.o
    0x08001a24   0x08001a24   0x0000012c   Code   RO         1820    i.HAL_RCC_ClockConfig  stm32f1xx_hal_rcc.o
    0x08001b50   0x08001b50   0x00000020   Code   RO         1827    i.HAL_RCC_GetPCLK1Freq  stm32f1xx_hal_rcc.o
    0x08001b70   0x08001b70   0x00000020   Code   RO         1828    i.HAL_RCC_GetPCLK2Freq  stm32f1xx_hal_rcc.o
    0x08001b90   0x08001b90   0x0000004c   Code   RO         1829    i.HAL_RCC_GetSysClockFreq  stm32f1xx_hal_rcc.o
    0x08001bdc   0x08001bdc   0x00000320   Code   RO         1832    i.HAL_RCC_OscConfig  stm32f1xx_hal_rcc.o
    0x08001efc   0x08001efc   0x00000028   Code   RO         2133    i.HAL_SYSTICK_Config  stm32f1xx_hal_cortex.o
    0x08001f24   0x08001f24   0x00000002   Code   RO         1378    i.HAL_TIMEx_BreakCallback  stm32f1xx_hal_tim_ex.o
    0x08001f26   0x08001f26   0x00000002   Code   RO         1379    i.HAL_TIMEx_CommutCallback  stm32f1xx_hal_tim_ex.o
    0x08001f28   0x08001f28   0x00000068   Code   RO         1397    i.HAL_TIMEx_MasterConfigSynchronization  stm32f1xx_hal_tim_ex.o
    0x08001f90   0x08001f90   0x0000005a   Code   RO          674    i.HAL_TIM_Base_Init  stm32f1xx_hal_tim.o
    0x08001fea   0x08001fea   0x00000002   PAD
    0x08001fec   0x08001fec   0x00000050   Code   RO          590    i.HAL_TIM_Base_MspInit  stm32f1xx_hal_msp.o
    0x0800203c   0x0800203c   0x00000050   Code   RO          677    i.HAL_TIM_Base_Start  stm32f1xx_hal_tim.o
    0x0800208c   0x0800208c   0x00000058   Code   RO          679    i.HAL_TIM_Base_Start_IT  stm32f1xx_hal_tim.o
    0x080020e4   0x080020e4   0x000000dc   Code   RO          683    i.HAL_TIM_ConfigClockSource  stm32f1xx_hal_tim.o
    0x080021c0   0x080021c0   0x00000002   Code   RO          708    i.HAL_TIM_IC_CaptureCallback  stm32f1xx_hal_tim.o
    0x080021c2   0x080021c2   0x00000130   Code   RO          722    i.HAL_TIM_IRQHandler  stm32f1xx_hal_tim.o
    0x080022f2   0x080022f2   0x00000002   Code   RO          725    i.HAL_TIM_OC_DelayElapsedCallback  stm32f1xx_hal_tim.o
    0x080022f4   0x080022f4   0x00000002   Code   RO          752    i.HAL_TIM_PWM_PulseFinishedCallback  stm32f1xx_hal_tim.o
    0x080022f6   0x080022f6   0x00000002   PAD
    0x080022f8   0x080022f8   0x00000018   Code   RO          193    i.HAL_TIM_PeriodElapsedCallback  main.o
    0x08002310   0x08002310   0x00000002   Code   RO          765    i.HAL_TIM_TriggerCallback  stm32f1xx_hal_tim.o
    0x08002312   0x08002312   0x00000002   Code   RO         2634    i.HAL_UARTEx_RxEventCallback  stm32f1xx_hal_uart.o
    0x08002314   0x08002314   0x00000002   Code   RO         2648    i.HAL_UART_ErrorCallback  stm32f1xx_hal_uart.o
    0x08002316   0x08002316   0x00000002   PAD
    0x08002318   0x08002318   0x0000026c   Code   RO         2651    i.HAL_UART_IRQHandler  stm32f1xx_hal_uart.o
    0x08002584   0x08002584   0x00000064   Code   RO         2652    i.HAL_UART_Init     stm32f1xx_hal_uart.o
    0x080025e8   0x080025e8   0x00000080   Code   RO          592    i.HAL_UART_MspInit  stm32f1xx_hal_msp.o
    0x08002668   0x08002668   0x0000001c   Code   RO         2657    i.HAL_UART_Receive_IT  stm32f1xx_hal_uart.o
    0x08002684   0x08002684   0x00000054   Code   RO          194    i.HAL_UART_RxCpltCallback  main.o
    0x080026d8   0x080026d8   0x000000a0   Code   RO         2660    i.HAL_UART_Transmit  stm32f1xx_hal_uart.o
    0x08002778   0x08002778   0x00000002   Code   RO         2663    i.HAL_UART_TxCpltCallback  stm32f1xx_hal_uart.o
    0x0800277a   0x0800277a   0x00000002   Code   RO          421    i.HardFault_Handler  stm32f1xx_it.o
    0x0800277c   0x0800277c   0x00000034   Code   RO           14    i.Lcd_create        lcd.o
    0x080027b0   0x080027b0   0x00000014   Code   RO           15    i.Lcd_cursor        lcd.o
    0x080027c4   0x080027c4   0x00000040   Code   RO           17    i.Lcd_init          lcd.o
    0x08002804   0x08002804   0x00000022   Code   RO           19    i.Lcd_string        lcd.o
    0x08002826   0x08002826   0x00000002   PAD
    0x08002828   0x08002828   0x000000b0   Code   RO          195    i.MX_GPIO_Init      main.o
    0x080028d8   0x080028d8   0x00000064   Code   RO          196    i.MX_TIM2_Init      main.o
    0x0800293c   0x0800293c   0x00000068   Code   RO          197    i.MX_TIM4_Init      main.o
    0x080029a4   0x080029a4   0x00000044   Code   RO          198    i.MX_USART1_UART_Init  main.o
    0x080029e8   0x080029e8   0x00000002   Code   RO          422    i.MemManage_Handler  stm32f1xx_it.o
    0x080029ea   0x080029ea   0x00000002   Code   RO          423    i.NMI_Handler       stm32f1xx_it.o
    0x080029ec   0x080029ec   0x00000002   Code   RO          424    i.PendSV_Handler    stm32f1xx_it.o
    0x080029ee   0x080029ee   0x00000002   Code   RO          425    i.SVC_Handler       stm32f1xx_it.o
    0x080029f0   0x080029f0   0x00000004   Code   RO          426    i.SysTick_Handler   stm32f1xx_it.o
    0x080029f4   0x080029f4   0x0000005e   Code   RO          199    i.SystemClock_Config  main.o
    0x08002a52   0x08002a52   0x00000002   Code   RO         2986    i.SystemInit        system_stm32f1xx.o
    0x08002a54   0x08002a54   0x0000000c   Code   RO          427    i.TIM2_IRQHandler   stm32f1xx_it.o
    0x08002a60   0x08002a60   0x00000078   Code   RO          767    i.TIM_Base_SetConfig  stm32f1xx_hal_tim.o
    0x08002ad8   0x08002ad8   0x00000014   Code   RO          778    i.TIM_ETR_SetConfig  stm32f1xx_hal_tim.o
    0x08002aec   0x08002aec   0x00000010   Code   RO          779    i.TIM_ITRx_SetConfig  stm32f1xx_hal_tim.o
    0x08002afc   0x08002afc   0x00000022   Code   RO          785    i.TIM_TI1_ConfigInputStage  stm32f1xx_hal_tim.o
    0x08002b1e   0x08002b1e   0x00000024   Code   RO          787    i.TIM_TI2_ConfigInputStage  stm32f1xx_hal_tim.o
    0x08002b42   0x08002b42   0x00000010   Code   RO         2665    i.UART_DMAAbortOnError  stm32f1xx_hal_uart.o
    0x08002b52   0x08002b52   0x0000004e   Code   RO         2675    i.UART_EndRxTransfer  stm32f1xx_hal_uart.o
    0x08002ba0   0x08002ba0   0x000000c2   Code   RO         2677    i.UART_Receive_IT   stm32f1xx_hal_uart.o
    0x08002c62   0x08002c62   0x00000002   PAD
    0x08002c64   0x08002c64   0x000000b8   Code   RO         2678    i.UART_SetConfig    stm32f1xx_hal_uart.o
    0x08002d1c   0x08002d1c   0x00000036   Code   RO         2680    i.UART_Start_Receive_IT  stm32f1xx_hal_uart.o
    0x08002d52   0x08002d52   0x00000072   Code   RO         2681    i.UART_WaitOnFlagUntilTimeout  stm32f1xx_hal_uart.o
    0x08002dc4   0x08002dc4   0x0000000c   Code   RO          428    i.USART1_IRQHandler  stm32f1xx_it.o
    0x08002dd0   0x08002dd0   0x00000002   Code   RO          429    i.UsageFault_Handler  stm32f1xx_it.o
    0x08002dd2   0x08002dd2   0x00000028   Code   RO         3168    i.__ARM_fpclassify  m_ws.l(fpclassify.o)
    0x08002dfa   0x08002dfa   0x00000020   Code   RO         2135    i.__NVIC_SetPriority  stm32f1xx_hal_cortex.o
    0x08002e1a   0x08002e1a   0x0000000e   Code   RO         3042    i._is_digit         c_w.l(__printf_wp.o)
    0x08002e28   0x08002e28   0x00000060   Code   RO          201    i.displayDigit      main.o
    0x08002e88   0x08002e88   0x00000084   Code   RO          202    i.displayTemperatureOnLCD  main.o
    0x08002f0c   0x08002f0c   0x00000084   Code   RO          203    i.displayTemperatureOnLED  main.o
    0x08002f90   0x08002f90   0x0000004c   Code   RO           20    i.lcd_write         lcd.o
    0x08002fdc   0x08002fdc   0x00000034   Code   RO           21    i.lcd_write_command  lcd.o
    0x08003010   0x08003010   0x00000034   Code   RO           22    i.lcd_write_data    lcd.o
    0x08003044   0x08003044   0x00000224   Code   RO          206    i.main              main.o
    0x08003268   0x08003268   0x00000018   Code   RO          207    i.microDelay        main.o
    0x08003280   0x08003280   0x00000234   Code   RO          208    i.processCommand    main.o
    0x080034b4   0x080034b4   0x000000b8   Code   RO          209    i.sendDataViaUART   main.o
    0x0800356c   0x0800356c   0x0000002c   Code   RO         3164    locale$$code        c_w.l(lc_numeric_c.o)
    0x08003598   0x08003598   0x0000000c   Code   RO         3105    x$fpl$dretinf       fz_ws.l(dretinf.o)
    0x080035a4   0x080035a4   0x00000056   Code   RO         3069    x$fpl$f2d           fz_ws.l(f2d.o)
    0x080035fa   0x080035fa   0x00000002   PAD
    0x080035fc   0x080035fc   0x000000c4   Code   RO         3071    x$fpl$fadd          fz_ws.l(faddsub_clz.o)
    0x080036c0   0x080036c0   0x00000184   Code   RO         3078    x$fpl$fdiv          fz_ws.l(fdiv.o)
    0x08003844   0x08003844   0x00000036   Code   RO         3081    x$fpl$ffix          fz_ws.l(ffix.o)
    0x0800387a   0x0800387a   0x00000002   PAD
    0x0800387c   0x0800387c   0x00000030   Code   RO         3086    x$fpl$fflt          fz_ws.l(fflt_clz.o)
    0x080038ac   0x080038ac   0x00000026   Code   RO         3085    x$fpl$ffltu         fz_ws.l(fflt_clz.o)
    0x080038d2   0x080038d2   0x00000002   PAD
    0x080038d4   0x080038d4   0x00000102   Code   RO         3091    x$fpl$fmul          fz_ws.l(fmul.o)
    0x080039d6   0x080039d6   0x0000008c   Code   RO         3107    x$fpl$fnaninf       fz_ws.l(fnaninf.o)
    0x08003a62   0x08003a62   0x0000000a   Code   RO         3109    x$fpl$fretinf       fz_ws.l(fretinf.o)
    0x08003a6c   0x08003a6c   0x00000014   Code   RO         3072    x$fpl$frsb          fz_ws.l(faddsub_clz.o)
    0x08003a80   0x08003a80   0x000000ea   Code   RO         3073    x$fpl$fsub          fz_ws.l(faddsub_clz.o)
    0x08003b6a   0x08003b6a   0x00000004   Code   RO         3093    x$fpl$printf1       fz_ws.l(printf1.o)
    0x08003b6e   0x08003b6e   0x00000000   Code   RO         3111    x$fpl$usenofp       fz_ws.l(usenofp.o)
    0x08003b6e   0x08003b6e   0x00000004   Data   RO           23    .constdata          lcd.o
    0x08003b72   0x08003b72   0x00000002   PAD
    0x08003b74   0x08003b74   0x00000018   Data   RO          211    .constdata          main.o
    0x08003b8c   0x08003b8c   0x00000012   Data   RO         1833    .constdata          stm32f1xx_hal_rcc.o
    0x08003b9e   0x08003b9e   0x00000010   Data   RO         2987    .constdata          system_stm32f1xx.o
    0x08003bae   0x08003bae   0x00000008   Data   RO         2988    .constdata          system_stm32f1xx.o
    0x08003bb6   0x08003bb6   0x00000002   PAD
    0x08003bb8   0x08003bb8   0x00000094   Data   RO         3139    .constdata          c_w.l(bigflt0.o)
    0x08003c4c   0x08003c4c   0x00000020   Data   RO         3307    Region$$Table       anon$$obj.o
    0x08003c6c   0x08003c6c   0x0000001c   Data   RO         3163    locale$$data        c_w.l(lc_numeric_c.o)


    Execution Region RW_IRAM1 (Exec base: 0x20000000, Load base: 0x08003c88, Size: 0x000007e0, Max: 0x00005000, ABSOLUTE)

    Exec Addr    Load Addr    Size         Type   Attr      Idx    E Section Name        Object

    0x20000000   0x08003c88   0x00000032   Data   RW          212    .data               main.o
    0x20000032   0x08003cba   0x00000002   PAD
    0x20000034   0x08003cbc   0x0000000c   Data   RW         1670    .data               stm32f1xx_hal.o
    0x20000040   0x08003cc8   0x00000004   Data   RW         2989    .data               system_stm32f1xx.o
    0x20000044        -       0x0000013c   Zero   RW          210    .bss                main.o
    0x20000180        -       0x00000060   Zero   RW         3171    .bss                c_w.l(libspace.o)
    0x200001e0        -       0x00000200   Zero   RW            2    HEAP                startup_stm32f103xb.o
    0x200003e0        -       0x00000400   Zero   RW            1    STACK               startup_stm32f103xb.o


==============================================================================

Image component sizes


      Code (inc. data)   RO Data    RW Data    ZI Data      Debug   Object Name

       350          6          4          0          0     430802   lcd.o
      2654        624         24         50        316     431302   main.o
        64         26        236          0       1536        788   startup_stm32f103xb.o
       164         28          0         12          0       5677   stm32f1xx_hal.o
       198         14          0          0          0      28767   stm32f1xx_hal_cortex.o
       222          4          0          0          0       1687   stm32f1xx_hal_dma.o
       500         34          0          0          0       3407   stm32f1xx_hal_gpio.o
       268         28          0          0          0       2140   stm32f1xx_hal_msp.o
      1240         84         18          0          0       4944   stm32f1xx_hal_rcc.o
      1016         38          0          0          0      10102   stm32f1xx_hal_tim.o
       108         12          0          0          0       2289   stm32f1xx_hal_tim_ex.o
      1554         10          0          0          0      10564   stm32f1xx_hal_uart.o
        44         12          0          0          0     390896   stm32f1xx_it.o
         2          0         24          4          0       1035   system_stm32f1xx.o

    ----------------------------------------------------------------------
      8396        920        342         68       1852    1324400   Object Totals
         0          0         32          0          0          0   (incl. Generated)
        12          0          4          2          0          0   (incl. Padding)

    ----------------------------------------------------------------------

      Code (inc. data)   RO Data    RW Data    ZI Data      Debug   Library Member Name

         8          0          0          0          0         68   __main.o
       284          0          0          0          0        156   __printf_wp.o
         0          0          0          0          0          0   __rtentry.o
        12          0          0          0          0          0   __rtentry2.o
         6          0          0          0          0          0   __rtentry4.o
        52          8          0          0          0          0   __scatter.o
        26          0          0          0          0          0   __scatter_copy.o
        28          0          0          0          0          0   __scatter_zi.o
        48          6          0          0          0         96   _printf_char_common.o
         6          0          0          0          0          0   _printf_d.o
       120         16          0          0          0         92   _printf_dec.o
         6          0          0          0          0          0   _printf_f.o
      1054          0          0          0          0        216   _printf_fp_dec.o
       128         16          0          0          0         84   _printf_fp_infnan.o
       178          0          0          0          0         88   _printf_intcommon.o
         0          0          0          0          0          0   _printf_percent.o
         4          0          0          0          0          0   _printf_percent_end.o
        10          0          0          0          0         68   _sputc.o
       228          4        148          0          0         96   bigflt0.o
      1936        128          0          0          0        672   btod.o
        18          0          0          0          0         80   exit.o
         6          0          0          0          0        152   heapauxi.o
         0          0          0          0          0          0   indicate_semi.o
        44         10         28          0          0         76   lc_numeric_c.o
         2          0          0          0          0          0   libinit.o
        18          0          0          0          0          0   libinit2.o
         2          0          0          0          0          0   libshutdown.o
         2          0          0          0          0          0   libshutdown2.o
         8          4          0          0         96         68   libspace.o
       138          0          0          0          0         80   lludiv10.o
        40          6          0          0          0         84   noretval__2sprintf.o
         8          4          0          0          0         68   rt_locale_intlibspace.o
        78          0          0          0          0         80   rt_memclr_w.o
       100          0          0          0          0         80   rt_memcpy_w.o
         2          0          0          0          0          0   rtexit.o
        10          0          0          0          0          0   rtexit2.o
       128          0          0          0          0         68   strcmpv7m.o
        62          0          0          0          0         76   strlen.o
       150          0          0          0          0         80   strncmp.o
        12          4          0          0          0         68   sys_exit.o
        74          0          0          0          0         80   sys_stackheap_outer.o
         2          0          0          0          0         68   use_no_semi.o
        12          0          0          0          0         68   dretinf.o
        86          4          0          0          0         84   f2d.o
       450          8          0          0          0        236   faddsub_clz.o
       388         76          0          0          0         96   fdiv.o
        54          4          0          0          0         84   ffix.o
        86          0          0          0          0        136   fflt_clz.o
       258          4          0          0          0         84   fmul.o
       140          4          0          0          0         84   fnaninf.o
        10          0          0          0          0         68   fretinf.o
         4          0          0          0          0         68   printf1.o
         0          0          0          0          0          0   usenofp.o
        40          0          0          0          0         68   fpclassify.o

    ----------------------------------------------------------------------
      6582        306        176          0         96       3920   Library Totals
        16          0          0          0          0          0   (incl. Padding)

    ----------------------------------------------------------------------

      Code (inc. data)   RO Data    RW Data    ZI Data      Debug   Library Name

      5038        206        176          0         96       2844   c_w.l
      1488        100          0          0          0       1008   fz_ws.l
        40          0          0          0          0         68   m_ws.l

    ----------------------------------------------------------------------
      6582        306        176          0         96       3920   Library Totals

    ----------------------------------------------------------------------

==============================================================================


      Code (inc. data)   RO Data    RW Data    ZI Data      Debug   

     14978       1226        518         68       1948    1321712   Grand Totals
     14978       1226        518         68       1948    1321712   ELF Image Totals
     14978       1226        518         68          0          0   ROM Totals

==============================================================================

    Total RO  Size (Code + RO Data)                15496 (  15.13kB)
    Total RW  Size (RW Data + ZI Data)              2016 (   1.97kB)
    Total ROM Size (Code + RO Data + RW Data)      15564 (  15.20kB)

==============================================================================

